Archive member included because of file (symbol)

C:\Program Files (x86)\VEX Robotics\VEXcode Pro V5\sdk/vexv5\libv5rt.a(v5_startup.c.obj)
                              (vexStartup)
C:\Program Files (x86)\VEX Robotics\VEXcode Pro V5\sdk/vexv5\libv5rt.a(v5_util.c.obj)
                              C:\Program Files (x86)\VEX Robotics\VEXcode Pro V5\sdk/vexv5\libv5rt.a(v5_startup.c.obj) (vexStdlibVersionLinked)
C:\Program Files (x86)\VEX Robotics\VEXcode Pro V5\sdk/vexv5\libv5rt.a(v5_apijump.c.obj)
                              C:\Program Files (x86)\VEX Robotics\VEXcode Pro V5\sdk/vexv5\libv5rt.a(v5_startup.c.obj) (vexPrivateApiEnable)
C:\Program Files (x86)\VEX Robotics\VEXcode Pro V5\sdk/vexv5\libv5rt.a(v5_apiversions.c.obj)
                              C:\Program Files (x86)\VEX Robotics\VEXcode Pro V5\sdk/vexv5\libv5rt.a(v5_apijump.c.obj) (vexSystemVersion)
C:\Program Files (x86)\VEX Robotics\VEXcode Pro V5\sdk/vexv5\libv5rt.a(vex_global.cpp.obj)
                              build/src/main.o (vex::wait(double, vex::timeUnits))
C:\Program Files (x86)\VEX Robotics\VEXcode Pro V5\sdk/vexv5\libv5rt.a(vex_motor.cpp.obj)
                              build/src/robot-config.o (vex::motor::~motor())
C:\Program Files (x86)\VEX Robotics\VEXcode Pro V5\sdk/vexv5\libv5rt.a(vex_imu.cpp.obj)
                              build/src/main.o (vex::inertial::setRotation(double, vex::rotationUnits))
C:\Program Files (x86)\VEX Robotics\VEXcode Pro V5\sdk/vexv5\libv5rt.a(vex_rotation.cpp.obj)
                              build/src/robot-config.o (vex::rotation::~rotation())
C:\Program Files (x86)\VEX Robotics\VEXcode Pro V5\sdk/vexv5\libv5rt.a(vex_distance.cpp.obj)
                              build/src/robot-config.o (vex::distance::~distance())
C:\Program Files (x86)\VEX Robotics\VEXcode Pro V5\sdk/vexv5\libv5rt.a(vex_controller.cpp.obj)
                              build/src/robot-config.o (vex::controller::~controller())
C:\Program Files (x86)\VEX Robotics\VEXcode Pro V5\sdk/vexv5\libv5rt.a(vex_task.cpp.obj)
                              build/src/main.o (vex::task::task(int (*)()))
C:\Program Files (x86)\VEX Robotics\VEXcode Pro V5\sdk/vexv5\libv5rt.a(vex_thread.cpp.obj)
                              C:\Program Files (x86)\VEX Robotics\VEXcode Pro V5\sdk/vexv5\libv5rt.a(vex_global.cpp.obj) (vex::this_thread::sleep_for(unsigned long))
C:\Program Files (x86)\VEX Robotics\VEXcode Pro V5\sdk/vexv5\libv5rt.a(vex_event.cpp.obj)
                              C:\Program Files (x86)\VEX Robotics\VEXcode Pro V5\sdk/vexv5\libv5rt.a(vex_imu.cpp.obj) (vex::event::init(unsigned long, unsigned long, void (*)()))
C:\Program Files (x86)\VEX Robotics\VEXcode Pro V5\sdk/vexv5\libv5rt.a(vex_mevent.cpp.obj)
                              C:\Program Files (x86)\VEX Robotics\VEXcode Pro V5\sdk/vexv5\libv5rt.a(vex_controller.cpp.obj) (vex::mevent::mevent(unsigned long, unsigned long))
C:\Program Files (x86)\VEX Robotics\VEXcode Pro V5\sdk/vexv5\libv5rt.a(vex_brain.cpp.obj)
                              build/src/main.o (vex::brain::timer(vex::timeUnits))
C:\Program Files (x86)\VEX Robotics\VEXcode Pro V5\sdk/vexv5\libv5rt.a(vex_competition.cpp.obj)
                              build/src/main.o (vex::competition::competition())
C:\Program Files (x86)\VEX Robotics\VEXcode Pro V5\sdk/vexv5\libv5rt.a(vex_triport.cpp.obj)
                              build/src/robot-config.o (vex::triport::~triport())
C:\Program Files (x86)\VEX Robotics\VEXcode Pro V5\sdk/vexv5\libv5rt.a(vex_color.cpp.obj)
                              C:\Program Files (x86)\VEX Robotics\VEXcode Pro V5\sdk/vexv5\libv5rt.a(vex_brain.cpp.obj) (vex::color::operator unsigned long() const)
C:\Program Files (x86)\VEX Robotics\VEXcode Pro V5\sdk/vexv5\libv5rt.a(vex_timer.cpp.obj)
                              C:\Program Files (x86)\VEX Robotics\VEXcode Pro V5\sdk/vexv5\libv5rt.a(vex_brain.cpp.obj) (vex::timer::~timer())
C:\Program Files (x86)\VEX Robotics\VEXcode Pro V5\sdk/vexv5\libv5rt.a(v5_apiuser.c.obj)
                              C:\Program Files (x86)\VEX Robotics\VEXcode Pro V5\sdk/vexv5\libv5rt.a(vex_triport.cpp.obj) (vexAdiPortConfigSet)
C:\Program Files (x86)\VEX Robotics\VEXcode Pro V5\sdk/vexv5\libv5rt.a(vex_device.cpp.obj)
                              C:\Program Files (x86)\VEX Robotics\VEXcode Pro V5\sdk/vexv5\libv5rt.a(vex_motor.cpp.obj) (vex::device::~device())
C:\Program Files (x86)\VEX Robotics\VEXcode Pro V5\sdk/vexv5/gcc/libs\libc.a(lib_a-fini.o)
                              C:\Program Files (x86)\VEX Robotics\VEXcode Pro V5\sdk/vexv5\libv5rt.a(v5_startup.c.obj) (__libc_fini_array)
C:\Program Files (x86)\VEX Robotics\VEXcode Pro V5\sdk/vexv5/gcc/libs\libc.a(lib_a-impure.o)
                              C:\Program Files (x86)\VEX Robotics\VEXcode Pro V5\sdk/vexv5\libv5rt.a(v5_startup.c.obj) (_impure_ptr)
C:\Program Files (x86)\VEX Robotics\VEXcode Pro V5\sdk/vexv5/gcc/libs\libc.a(lib_a-init.o)
[...]
Memory Configuration

Name             Origin             Length             Attributes
ps7_ddr_0_S_AXI_BASEADDR 0x03800000         0x04800000
*default*        0x00000000         0xffffffff

Linker script and memory map

                0x00002000                _STACK_SIZE = DEFINED (_STACK_SIZE)?_STACK_SIZE:0x2000
                0x00100000                _HEAP_SIZE = DEFINED (_HEAP_SIZE)?_HEAP_SIZE:0x100000
                0x00000400                _ABORT_STACK_SIZE = DEFINED (_ABORT_STACK_SIZE)?_ABORT_STACK_SIZE:0x400
                0x00000800                _SUPERVISOR_STACK_SIZE = DEFINED (_SUPERVISOR_STACK_SIZE)?_SUPERVISOR_STACK_SIZE:0x800
                0x00000400                _IRQ_STACK_SIZE = DEFINED (_IRQ_STACK_SIZE)?_IRQ_STACK_SIZE:0x400
                0x00000400                _FIQ_STACK_SIZE = DEFINED (_FIQ_STACK_SIZE)?_FIQ_STACK_SIZE:0x400
                0x00000400                _UNDEF_STACK_SIZE = DEFINED (_UNDEF_STACK_SIZE)?_UNDEF_STACK_SIZE:0x400

.text           0x03800000     0x5c30
 *(.vectors)
 *(.boot_data)
 .boot_data     0x03800000       0x20 C:\Program Files (x86)\VEX Robotics\VEXcode Pro V5\sdk/vexv5\libv5rt.a(v5_startup.c.obj)
                0x03800000                vexCodeSig
                0x00000020                . = 0x20
 *(.boot)
 .boot          0x03800020       0xbc C:\Program Files (x86)\VEX Robotics\VEXcode Pro V5\sdk/vexv5\libv5rt.a(v5_startup.c.obj)
                0x03800020                vexStartup
                0x03800100                . = ALIGN (0x40)
 *fill*         0x038000dc       0x24 
 *(.freertos_vectors)
 *(.text)
 *(.text.*)
 .text._Z16ResetDriveMotorsv
                0x03800100       0x5c build/src/main.o
                0x03800100                ResetDriveMotors()
 .text._Z9pre_autonv
                0x0380015c       0xe4 build/src/main.o
                0x0380015c                pre_auton()
 .text._Z15BrainScreenTaskv
                0x03800240      0x3b0 build/src/main.o
                0x03800240                BrainScreenTask()
 .text._Z16CntrlrScreenTaskv
                0x038005f0      0x2b8 build/src/main.o
                0x038005f0                CntrlrScreenTask()
 .text._Z11SensorsTaskv
                0x038008a8      0x440 build/src/main.o
                0x038008a8                SensorsTask()
 .text._Z5Shootv
                0x03800ce8       0x88 build/src/main.o
                0x03800ce8                Shoot()
 .text._Z13CataModeStatev
                0x03800d70       0xd8 build/src/main.o
                0x03800d70                CataModeState()
 .text._Z12CatapultTaskv
                0x03800e48      0x1f0 build/src/main.o
                0x03800e48                CatapultTask()
 .text._Z17TriballDetectTaskv
                0x03801038       0x88 build/src/main.o
                0x03801038                TriballDetectTask()
 .text._Z10IntakeTaskv
                0x038010c0       0x60 build/src/main.o
                0x038010c0                IntakeTask()
 .text._Z9DriveTaskv
                0x03801120      0x2bc build/src/main.o
                0x03801120                DriveTask()
 *fill*         0x038013dc        0x4 
 .text._Z12AutoDistanceidd
                0x038013e0       0xd8 build/src/main.o
                0x038013e0                AutoDistance(int, double, double)
 .text._Z12AutoTillStopid
                0x038014b8      0x110 build/src/main.o
                0x038014b8                AutoTillStop(int, double)
 .text._Z11AutoTillHopid
                0x038015c8      0x100 build/src/main.o
                0x038015c8                AutoTillHop(int, double)
 .text._Z8AutoTurniii
                0x038016c8      0x13c build/src/main.o
                0x038016c8                AutoTurn(int, int, int)
 .text._Z17buttonLup_pressedv
                0x03801804        0x4 build/src/main.o
                0x03801804                buttonLup_pressed()
 .text._Z19buttonLdown_pressedv
                0x03801808       0x28 build/src/main.o
                0x03801808                buttonLdown_pressed()
 .text._Z18buttonLup_releasedv
                0x03801830        0x4 build/src/main.o
                0x03801830                buttonLup_released()
 .text._Z20buttonLdown_releasedv
                0x03801834        0x4 build/src/main.o
                0x03801834                buttonLdown_released()
 .text._Z17buttonRup_pressedv
                0x03801838       0x14 build/src/main.o
                0x03801838                buttonRup_pressed()
 .text._Z19buttonRdown_pressedv
                0x0380184c       0x14 build/src/main.o
                0x0380184c                buttonRdown_pressed()
 .text._Z18buttonRup_releasedv
                0x03801860       0x14 build/src/main.o
                0x03801860                buttonRup_released()
 .text._Z20buttonRdown_releasedv
                0x03801874       0x14 build/src/main.o
                0x03801874                buttonRdown_released()
 .text._Z16buttonUP_pressedv
                0x03801888       0x2c build/src/main.o
                0x03801888                buttonUP_pressed()
 .text._Z18buttonDOWN_pressedv
                0x038018b4       0x2c build/src/main.o
                0x038018b4                buttonDOWN_pressed()
 .text._Z19buttonRIGHT_pressedv
                0x038018e0       0x3c build/src/main.o
                0x038018e0                buttonRIGHT_pressed()
 .text._Z18buttonLEFT_pressedv
                0x0380191c       0x7c build/src/main.o
                0x0380191c                buttonLEFT_pressed()
 .text._Z13brain_pressedv
                0x03801998       0x2c build/src/main.o
                0x03801998                brain_pressed()
 .text._Z15buttonB_pressedv
                0x038019c4       0x60 build/src/main.o
                0x038019c4                buttonB_pressed()
 .text._Z15buttonX_pressedv
                0x03801a24       0x30 build/src/main.o
                0x03801a24                buttonX_pressed()
 .text._Z15buttonY_pressedv
                0x03801a54       0x60 build/src/main.o
                0x03801a54                buttonY_pressed()
 *fill*         0x03801ab4        0x4 
 .text._Z11CloseSideWPv
                0x03801ab8      0x120 build/src/main.o
                0x03801ab8                CloseSideWP()
 .text._Z14CloseSideElimsv
                0x03801bd8      0x280 build/src/main.o
                0x03801bd8                CloseSideElims()
 .text._Z11AutonSkillsv
                0x03801e58      0x3e0 build/src/main.o
                0x03801e58                AutonSkills()
 .text._Z14CloseSideBlockv
                0x03802238       0xd8 build/src/main.o
                0x03802238                CloseSideBlock()
 .text._Z9FarSideWPv
                0x03802310      0x190 build/src/main.o
                0x03802310                FarSideWP()
 .text._Z10autonomousv
                0x038024a0       0x78 build/src/main.o
                0x038024a0                autonomous()
 .text._Z15buttonA_pressedv
                0x03802518        0x4 build/src/main.o
                0x03802518                buttonA_pressed()
 .text._Z11usercontrolv
                0x0380251c      0x1c0 build/src/main.o
                0x0380251c                usercontrol()
 .text.main     0x038026dc      0x1f8 build/src/main.o
                0x038026dc                main
 .text._GLOBAL__sub_I_main.cpp
                0x038028d4       0x34 build/src/main.o
 .text._GLOBAL__sub_I_robot_config.cpp
                0x03802908      0x3d4 build/src/robot-config.o
 .text.vexMain  0x03802cdc       0xb0 C:\Program Files (x86)\VEX Robotics\VEXcode Pro V5\sdk/vexv5\libv5rt.a(v5_startup.c.obj)
                0x03802cdc                vexMain
 .text.__vex_function_prolog
                0x03802d8c       0x18 C:\Program Files (x86)\VEX Robotics\VEXcode Pro V5\sdk/vexv5\libv5rt.a(v5_startup.c.obj)
                0x03802d8c                __vex_function_prolog
 .text._init    0x03802da4        0x4 C:\Program Files (x86)\VEX Robotics\VEXcode Pro V5\sdk/vexv5\libv5rt.a(v5_startup.c.obj)
                0x03802da4                _init
 .text._fini    0x03802da8        0x4 C:\Program Files (x86)\VEX Robotics\VEXcode Pro V5\sdk/vexv5\libv5rt.a(v5_startup.c.obj)
                0x03802da8                _fini
 .text.vexStdlibVersionLinked
                0x03802dac        0xc C:\Program Files (x86)\VEX Robotics\VEXcode Pro V5\sdk/vexv5\libv5rt.a(v5_util.c.obj)
                0x03802dac                vexStdlibVersionLinked
 .text.vexStdlibVersionVerify
                0x03802db8       0x30 C:\Program Files (x86)\VEX Robotics\VEXcode Pro V5\sdk/vexv5\libv5rt.a(v5_util.c.obj)
                0x03802db8                vexStdlibVersionVerify
 .text.vexPrivateApiEnable
                0x03802de8       0x10 C:\Program Files (x86)\VEX Robotics\VEXcode Pro V5\sdk/vexv5\libv5rt.a(v5_apijump.c.obj)
                0x03802de8                vexPrivateApiEnable
 .text.vexStdlibMismatchError
                0x03802df8       0x3c C:\Program Files (x86)\VEX Robotics\VEXcode Pro V5\sdk/vexv5\libv5rt.a(v5_apijump.c.obj)
                0x03802df8                vexStdlibMismatchError
 .text.vexTaskAdd
                0x03802e34       0x10 C:\Program Files (x86)\VEX Robotics\VEXcode Pro V5\sdk/vexv5\libv5rt.a(v5_apijump.c.obj)
                0x03802e34                vexTaskAdd
 .text.vexTasksRun
                0x03802e44       0x10 C:\Program Files (x86)\VEX Robotics\VEXcode Pro V5\sdk/vexv5\libv5rt.a(v5_apijump.c.obj)
                0x03802e44                vexTasksRun
 .text.vexTaskYield
                0x03802e54       0x10 C:\Program Files (x86)\VEX Robotics\VEXcode Pro V5\sdk/vexv5\libv5rt.a(v5_apijump.c.obj)
                0x03802e54                vexTaskYield
 .text.vexTaskCheckTimeslice
                0x03802e64       0x10 C:\Program Files (x86)\VEX Robotics\VEXcode Pro V5\sdk/vexv5\libv5rt.a(v5_apijump.c.obj)
                0x03802e64                vexTaskCheckTimeslice
 .text.vexTaskSleep
                0x03802e74       0x10 C:\Program Files (x86)\VEX Robotics\VEXcode Pro V5\sdk/vexv5\libv5rt.a(v5_apijump.c.obj)
                0x03802e74                vexTaskSleep
 .text.vexTasksDump
                0x03802e84       0x1c C:\Program Files (x86)\VEX Robotics\VEXcode Pro V5\sdk/vexv5\libv5rt.a(v5_apijump.c.obj)
                0x03802e84                vexTasksDump
 .text.vexTaskGetTaskIndex
                0x03802ea0       0x10 C:\Program Files (x86)\VEX Robotics\VEXcode Pro V5\sdk/vexv5\libv5rt.a(v5_apijump.c.obj)
                0x03802ea0                vexTaskGetTaskIndex
 .text.vexTaskStopAll
                0x03802eb0       0x10 C:\Program Files (x86)\VEX Robotics\VEXcode Pro V5\sdk/vexv5\libv5rt.a(v5_apijump.c.obj)
                0x03802eb0                vexTaskStopAll
 .text.vexTaskRemoveAllUser
                0x03802ec0       0x34 C:\Program Files (x86)\VEX Robotics\VEXcode Pro V5\sdk/vexv5\libv5rt.a(v5_apijump.c.obj)
                0x03802ec0                vexTaskRemoveAllUser
 .text.vexTaskCompletionIdSet
                0x03802ef4       0x10 C:\Program Files (x86)\VEX Robotics\VEXcode Pro V5\sdk/vexv5\libv5rt.a(v5_apijump.c.obj)
                0x03802ef4                vexTaskCompletionIdSet
 .text.vexTaskStopWithId
                0x03802f04       0x10 C:\Program Files (x86)\VEX Robotics\VEXcode Pro V5\sdk/vexv5\libv5rt.a(v5_apijump.c.obj)
                0x03802f04                vexTaskStopWithId
 .text.vexCriticalSection
                0x03802f14       0x2c C:\Program Files (x86)\VEX Robotics\VEXcode Pro V5\sdk/vexv5\libv5rt.a(v5_apijump.c.obj)
                0x03802f14                vexCriticalSection
 .text.vexEventAdd
                0x03802f40       0x34 C:\Program Files (x86)\VEX Robotics\VEXcode Pro V5\sdk/vexv5\libv5rt.a(v5_apijump.c.obj)
                0x03802f40                vexEventAdd
 .text.vexEventUserIndexGet
                0x03802f74       0x1c C:\Program Files (x86)\VEX Robotics\VEXcode Pro V5\sdk/vexv5\libv5rt.a(v5_apijump.c.obj)
                0x03802f74                vexEventUserIndexGet
 .text.vexEventAddWithArg
                0x03802f90       0x3c C:\Program Files (x86)\VEX Robotics\VEXcode Pro V5\sdk/vexv5\libv5rt.a(v5_apijump.c.obj)
                0x03802f90                vexEventAddWithArg
 .text.vexEventsCleanup
                0x03802fcc       0x2c C:\Program Files (x86)\VEX Robotics\VEXcode Pro V5\sdk/vexv5\libv5rt.a(v5_apijump.c.obj)
                0x03802fcc                vexEventsCleanup
 .text.vexDebug
                0x03802ff8       0x38 C:\Program Files (x86)\VEX Robotics\VEXcode Pro V5\sdk/vexv5\libv5rt.a(v5_apijump.c.obj)
                0x03802ff8                vexDebug
 .text.vex_sprintf
                0x03803030       0x40 C:\Program Files (x86)\VEX Robotics\VEXcode Pro V5\sdk/vexv5\libv5rt.a(v5_apijump.c.obj)
                0x03803030                vex_sprintf
 .text.vex_vsnprintf
                0x03803070       0x3c C:\Program Files (x86)\VEX Robotics\VEXcode Pro V5\sdk/vexv5\libv5rt.a(v5_apijump.c.obj)
                0x03803070                vex_vsnprintf
 .text.vexSystemTimeGet
                0x038030ac       0x1c C:\Program Files (x86)\VEX Robotics\VEXcode Pro V5\sdk/vexv5\libv5rt.a(v5_apijump.c.obj)
                0x038030ac                vexSystemTimeGet
 .text.vexSystemExitRequest
                0x038030c8       0x1c C:\Program Files (x86)\VEX Robotics\VEXcode Pro V5\sdk/vexv5\libv5rt.a(v5_apijump.c.obj)
                0x038030c8                vexSystemExitRequest
 .text.vexDeviceGetByIndex
                0x038030e4       0x24 C:\Program Files (x86)\VEX Robotics\VEXcode Pro V5\sdk/vexv5\libv5rt.a(v5_apijump.c.obj)
                0x038030e4                vexDeviceGetByIndex
 .text.vexControllerGet
                0x03803108       0x2c C:\Program Files (x86)\VEX Robotics\VEXcode Pro V5\sdk/vexv5\libv5rt.a(v5_apijump.c.obj)
                0x03803108                vexControllerGet
 .text.vexControllerTextSet
                0x03803134       0x74 C:\Program Files (x86)\VEX Robotics\VEXcode Pro V5\sdk/vexv5\libv5rt.a(v5_apijump.c.obj)
                0x03803134                vexControllerTextSet
 .text.vexDeviceAdiPortConfigSet
                0x038031a8       0x34 C:\Program Files (x86)\VEX Robotics\VEXcode Pro V5\sdk/vexv5\libv5rt.a(v5_apijump.c.obj)
                0x038031a8                vexDeviceAdiPortConfigSet
 .text.vexDeviceAdiPortConfigGet
                0x038031dc       0x2c C:\Program Files (x86)\VEX Robotics\VEXcode Pro V5\sdk/vexv5\libv5rt.a(v5_apijump.c.obj)
                0x038031dc                vexDeviceAdiPortConfigGet
 .text.vexDeviceAdiValueSet
                0x03803208       0x34 C:\Program Files (x86)\VEX Robotics\VEXcode Pro V5\sdk/vexv5\libv5rt.a(v5_apijump.c.obj)
                0x03803208                vexDeviceAdiValueSet
 .text.vexDeviceAdiValueGet
                0x0380323c       0x2c C:\Program Files (x86)\VEX Robotics\VEXcode Pro V5\sdk/vexv5\libv5rt.a(v5_apijump.c.obj)
                0x0380323c                vexDeviceAdiValueGet
 .text.vexDeviceMotorVelocitySet
                0x03803268       0x2c C:\Program Files (x86)\VEX Robotics\VEXcode Pro V5\sdk/vexv5\libv5rt.a(v5_apijump.c.obj)
                0x03803268                vexDeviceMotorVelocitySet
 .text.vexDeviceMotorActualVelocityGet
                0x03803294       0x24 C:\Program Files (x86)\VEX Robotics\VEXcode Pro V5\sdk/vexv5\libv5rt.a(v5_apijump.c.obj)
                0x03803294                vexDeviceMotorActualVelocityGet
 .text.vexDeviceMotorCurrentLimitSet
                0x038032b8       0x2c C:\Program Files (x86)\VEX Robotics\VEXcode Pro V5\sdk/vexv5\libv5rt.a(v5_apijump.c.obj)
                0x038032b8                vexDeviceMotorCurrentLimitSet
 .text.vexDeviceMotorTemperatureGet
                0x038032e4       0x24 C:\Program Files (x86)\VEX Robotics\VEXcode Pro V5\sdk/vexv5\libv5rt.a(v5_apijump.c.obj)
                0x038032e4                vexDeviceMotorTemperatureGet
 .text.vexDeviceMotorReverseFlagSet
                0x03803308       0x2c C:\Program Files (x86)\VEX Robotics\VEXcode Pro V5\sdk/vexv5\libv5rt.a(v5_apijump.c.obj)
                0x03803308                vexDeviceMotorReverseFlagSet
 .text.vexDeviceMotorEncoderUnitsSet
                0x03803334       0x2c C:\Program Files (x86)\VEX Robotics\VEXcode Pro V5\sdk/vexv5\libv5rt.a(v5_apijump.c.obj)
                0x03803334                vexDeviceMotorEncoderUnitsSet
 .text.vexDeviceMotorBrakeModeSet
                0x03803360       0x2c C:\Program Files (x86)\VEX Robotics\VEXcode Pro V5\sdk/vexv5\libv5rt.a(v5_apijump.c.obj)
                0x03803360                vexDeviceMotorBrakeModeSet
 .text.vexDeviceMotorPositionSet
                0x0380338c       0x34 C:\Program Files (x86)\VEX Robotics\VEXcode Pro V5\sdk/vexv5\libv5rt.a(v5_apijump.c.obj)
                0x0380338c                vexDeviceMotorPositionSet
 .text.vexDeviceMotorPositionGet
                0x038033c0       0x24 C:\Program Files (x86)\VEX Robotics\VEXcode Pro V5\sdk/vexv5\libv5rt.a(v5_apijump.c.obj)
                0x038033c0                vexDeviceMotorPositionGet
 .text.vexDeviceMotorGearingSet
                0x038033e4       0x2c C:\Program Files (x86)\VEX Robotics\VEXcode Pro V5\sdk/vexv5\libv5rt.a(v5_apijump.c.obj)
                0x038033e4                vexDeviceMotorGearingSet
 .text.vexDeviceMotorGearingGet
                0x03803410       0x24 C:\Program Files (x86)\VEX Robotics\VEXcode Pro V5\sdk/vexv5\libv5rt.a(v5_apijump.c.obj)
                0x03803410                vexDeviceMotorGearingGet
 .text.vexDeviceImuReset
                0x03803434       0x24 C:\Program Files (x86)\VEX Robotics\VEXcode Pro V5\sdk/vexv5\libv5rt.a(v5_apijump.c.obj)
                0x03803434                vexDeviceImuReset
 .text.vexDeviceImuHeadingGet
                0x03803458       0x24 C:\Program Files (x86)\VEX Robotics\VEXcode Pro V5\sdk/vexv5\libv5rt.a(v5_apijump.c.obj)
                0x03803458                vexDeviceImuHeadingGet
 .text.vexDeviceImuDegreesGet
                0x0380347c       0x24 C:\Program Files (x86)\VEX Robotics\VEXcode Pro V5\sdk/vexv5\libv5rt.a(v5_apijump.c.obj)
                0x0380347c                vexDeviceImuDegreesGet
 .text.vexDeviceImuAttitudeGet
                0x038034a0       0x2c C:\Program Files (x86)\VEX Robotics\VEXcode Pro V5\sdk/vexv5\libv5rt.a(v5_apijump.c.obj)
                0x038034a0                vexDeviceImuAttitudeGet
 .text.vexDeviceImuStatusGet
                0x038034cc       0x24 C:\Program Files (x86)\VEX Robotics\VEXcode Pro V5\sdk/vexv5\libv5rt.a(v5_apijump.c.obj)
                0x038034cc                vexDeviceImuStatusGet
 .text.vexDeviceAbsEncPositionSet
                0x038034f0       0x2c C:\Program Files (x86)\VEX Robotics\VEXcode Pro V5\sdk/vexv5\libv5rt.a(v5_apijump.c.obj)
                0x038034f0                vexDeviceAbsEncPositionSet
 .text.vexDeviceAbsEncPositionGet
                0x0380351c       0x24 C:\Program Files (x86)\VEX Robotics\VEXcode Pro V5\sdk/vexv5\libv5rt.a(v5_apijump.c.obj)
                0x0380351c                vexDeviceAbsEncPositionGet
 .text.vexDeviceAbsEncAngleGet
                0x03803540       0x24 C:\Program Files (x86)\VEX Robotics\VEXcode Pro V5\sdk/vexv5\libv5rt.a(v5_apijump.c.obj)
                0x03803540                vexDeviceAbsEncAngleGet
 .text.vexDeviceAbsEncReverseFlagSet
                0x03803564       0x2c C:\Program Files (x86)\VEX Robotics\VEXcode Pro V5\sdk/vexv5\libv5rt.a(v5_apijump.c.obj)
                0x03803564                vexDeviceAbsEncReverseFlagSet
 .text.vexDeviceDistanceDistanceGet
                0x03803590       0x24 C:\Program Files (x86)\VEX Robotics\VEXcode Pro V5\sdk/vexv5\libv5rt.a(v5_apijump.c.obj)
                0x03803590                vexDeviceDistanceDistanceGet
 .text.vexDisplayForegroundColor
                0x038035b4       0x24 C:\Program Files (x86)\VEX Robotics\VEXcode Pro V5\sdk/vexv5\libv5rt.a(v5_apijump.c.obj)
                0x038035b4                vexDisplayForegroundColor
 .text.vexDisplayBackgroundColor
                0x038035d8       0x24 C:\Program Files (x86)\VEX Robotics\VEXcode Pro V5\sdk/vexv5\libv5rt.a(v5_apijump.c.obj)
                0x038035d8                vexDisplayBackgroundColor
 .text.vexDisplayBackgroundColorGet
                0x038035fc       0x1c C:\Program Files (x86)\VEX Robotics\VEXcode Pro V5\sdk/vexv5\libv5rt.a(v5_apijump.c.obj)
                0x038035fc                vexDisplayBackgroundColorGet
 .text.vexDisplayRectClear
                0x03803618       0x4c C:\Program Files (x86)\VEX Robotics\VEXcode Pro V5\sdk/vexv5\libv5rt.a(v5_apijump.c.obj)
                0x03803618                vexDisplayRectClear
 .text.vexDisplayVPrintf
                0x03803664       0x50 C:\Program Files (x86)\VEX Robotics\VEXcode Pro V5\sdk/vexv5\libv5rt.a(v5_apijump.c.obj)
                0x03803664                vexDisplayVPrintf
 .text.vexDisplayTextReference
                0x038036b4       0x24 C:\Program Files (x86)\VEX Robotics\VEXcode Pro V5\sdk/vexv5\libv5rt.a(v5_apijump.c.obj)
                0x038036b4                vexDisplayTextReference
 .text.vexDisplayTextSize
                0x038036d8       0x2c C:\Program Files (x86)\VEX Robotics\VEXcode Pro V5\sdk/vexv5\libv5rt.a(v5_apijump.c.obj)
                0x038036d8                vexDisplayTextSize
 .text.vexDisplayFontNamedSet
                0x03803704       0x24 C:\Program Files (x86)\VEX Robotics\VEXcode Pro V5\sdk/vexv5\libv5rt.a(v5_apijump.c.obj)
                0x03803704                vexDisplayFontNamedSet
 .text.vexSystemStdlibImpureDataAddr
                0x03803728       0x28 C:\Program Files (x86)\VEX Robotics\VEXcode Pro V5\sdk/vexv5\libv5rt.a(v5_apijump.c.obj)
                0x03803728                vexSystemStdlibImpureDataAddr
 .text.vexSystemStdlibImpureDataSize
                0x03803750       0x28 C:\Program Files (x86)\VEX Robotics\VEXcode Pro V5\sdk/vexv5\libv5rt.a(v5_apijump.c.obj)
                0x03803750                vexSystemStdlibImpureDataSize
 .text.vexSystemSaveUserData
                0x03803778       0x3c C:\Program Files (x86)\VEX Robotics\VEXcode Pro V5\sdk/vexv5\libv5rt.a(v5_apijump.c.obj)
                0x03803778                vexSystemSaveUserData
 .text.vexDisplayThemeIdGet
                0x038037b4       0x38 C:\Program Files (x86)\VEX Robotics\VEXcode Pro V5\sdk/vexv5\libv5rt.a(v5_apijump.c.obj)
                0x038037b4                vexDisplayThemeIdGet
 .text.vexDeviceEventMaskSet
                0x038037ec       0x48 C:\Program Files (x86)\VEX Robotics\VEXcode Pro V5\sdk/vexv5\libv5rt.a(v5_apijump.c.obj)
                0x038037ec                vexDeviceEventMaskSet
 .text.vexDeviceEventMaskGet
                0x03803834       0x3c C:\Program Files (x86)\VEX Robotics\VEXcode Pro V5\sdk/vexv5\libv5rt.a(v5_apijump.c.obj)
                0x03803834                vexDeviceEventMaskGet
 .text.vexSystemVersion
                0x03803870       0x10 C:\Program Files (x86)\VEX Robotics\VEXcode Pro V5\sdk/vexv5\libv5rt.a(v5_apiversions.c.obj)
                0x03803870                vexSystemVersion
 .text.vexStdlibVersion
                0x03803880       0x10 C:\Program Files (x86)\VEX Robotics\VEXcode Pro V5\sdk/vexv5\libv5rt.a(v5_apiversions.c.obj)
                0x03803880                vexStdlibVersion
 .text._ZN3vex4waitEdNS_9timeUnitsE
                0x03803890       0x30 C:\Program Files (x86)\VEX Robotics\VEXcode Pro V5\sdk/vexv5\libv5rt.a(vex_global.cpp.obj)
                0x03803890                vex::wait(double, vex::timeUnits)
 .text._ZN3vex5motorD2Ev
                0x038038c0       0x20 C:\Program Files (x86)\VEX Robotics\VEXcode Pro V5\sdk/vexv5\libv5rt.a(vex_motor.cpp.obj)
                0x038038c0                vex::motor::~motor()
                0x038038c0                vex::motor::~motor()
 .text._ZN3vex5motorD0Ev
                0x038038e0       0x1c C:\Program Files (x86)\VEX Robotics\VEXcode Pro V5\sdk/vexv5\libv5rt.a(vex_motor.cpp.obj)
                0x038038e0                vex::motor::~motor()
 .text._ZN3vex5motor9installedEv
                0x038038fc       0x18 C:\Program Files (x86)\VEX Robotics\VEXcode Pro V5\sdk/vexv5\libv5rt.a(vex_motor.cpp.obj)
                0x038038fc                vex::motor::installed()
 .text._ZN3vex5motor15defaultStoppingENS_9brakeTypeE
                0x03803914       0x30 C:\Program Files (x86)\VEX Robotics\VEXcode Pro V5\sdk/vexv5\libv5rt.a(vex_motor.cpp.obj)
                0x03803914                vex::motor::defaultStopping(vex::brakeType)
 .text._ZN3vex5motor11setStoppingENS_9brakeTypeE
                0x03803944        0x4 C:\Program Files (x86)\VEX Robotics\VEXcode Pro V5\sdk/vexv5\libv5rt.a(vex_motor.cpp.obj)
                0x03803944                vex::motor::setStopping(vex::brakeType)
 .text._ZN3vex5motorC2El
                0x03803948       0x78 C:\Program Files (x86)\VEX Robotics\VEXcode Pro V5\sdk/vexv5\libv5rt.a(vex_motor.cpp.obj)
                0x03803948                vex::motor::motor(long)
                0x03803948                vex::motor::motor(long)
 .text._ZN3vex5motorC2ElNS_11gearSettingEb
                0x038039c0       0x34 C:\Program Files (x86)\VEX Robotics\VEXcode Pro V5\sdk/vexv5\libv5rt.a(vex_motor.cpp.obj)
                0x038039c0                vex::motor::motor(long, vex::gearSetting, bool)
                0x038039c0                vex::motor::motor(long, vex::gearSetting, bool)
 *fill*         0x038039f4        0x4 
 .text._ZN3vex5motor12setMaxTorqueEdNS_12percentUnitsE
                0x038039f8       0x88 C:\Program Files (x86)\VEX Robotics\VEXcode Pro V5\sdk/vexv5\libv5rt.a(vex_motor.cpp.obj)
                0x038039f8                vex::motor::setMaxTorque(double, vex::percentUnits)
 .text._ZN3vex5motor11temperatureENS_16temperatureUnitsE
                0x03803a80       0x40 C:\Program Files (x86)\VEX Robotics\VEXcode Pro V5\sdk/vexv5\libv5rt.a(vex_motor.cpp.obj)
                0x03803a80                vex::motor::temperature(vex::temperatureUnits)
 .text._ZN3vex5motor16velocityToScaledEdNS_13velocityUnitsE
                0x03803ac0       0x5c C:\Program Files (x86)\VEX Robotics\VEXcode Pro V5\sdk/vexv5\libv5rt.a(vex_motor.cpp.obj)
                0x03803ac0                vex::motor::velocityToScaled(double, vex::velocityUnits)
 .text._ZN3vex5motor8velocityENS_13velocityUnitsE
                0x03803b1c       0x30 C:\Program Files (x86)\VEX Robotics\VEXcode Pro V5\sdk/vexv5\libv5rt.a(vex_motor.cpp.obj)
                0x03803b1c                vex::motor::velocity(vex::velocityUnits)
 .text._ZN3vex5motor5valueEv
                0x03803b4c       0x1c C:\Program Files (x86)\VEX Robotics\VEXcode Pro V5\sdk/vexv5\libv5rt.a(vex_motor.cpp.obj)
                0x03803b4c                vex::motor::value()
 .text._ZN3vex5motor16scaledToVelocityEdNS_13velocityUnitsE
                0x03803b68       0xa4 C:\Program Files (x86)\VEX Robotics\VEXcode Pro V5\sdk/vexv5\libv5rt.a(vex_motor.cpp.obj)
                0x03803b68                vex::motor::scaledToVelocity(double, vex::velocityUnits)
 .text._ZN3vex5motor4spinENS_13directionTypeEdNS_13velocityUnitsE
                0x03803c0c       0x5c C:\Program Files (x86)\VEX Robotics\VEXcode Pro V5\sdk/vexv5\libv5rt.a(vex_motor.cpp.obj)
                0x03803c0c                vex::motor::spin(vex::directionType, double, vex::velocityUnits)
 .text._ZN3vex5motor4spinENS_13directionTypeE
                0x03803c68       0x28 C:\Program Files (x86)\VEX Robotics\VEXcode Pro V5\sdk/vexv5\libv5rt.a(vex_motor.cpp.obj)
                0x03803c68                vex::motor::spin(vex::directionType)
 .text._ZN3vex5motor11setVelocityEdNS_13velocityUnitsE
                0x03803c90       0x54 C:\Program Files (x86)\VEX Robotics\VEXcode Pro V5\sdk/vexv5\libv5rt.a(vex_motor.cpp.obj)
                0x03803c90                vex::motor::setVelocity(double, vex::velocityUnits)
 .text._ZN3vex5motor16setRotationUnitsENS_13rotationUnitsE
                0x03803ce4       0x1c C:\Program Files (x86)\VEX Robotics\VEXcode Pro V5\sdk/vexv5\libv5rt.a(vex_motor.cpp.obj)
                0x03803ce4                vex::motor::setRotationUnits(vex::rotationUnits)
 .text._ZN3vex5motor11setPositionEdNS_13rotationUnitsE
                0x03803d00       0x44 C:\Program Files (x86)\VEX Robotics\VEXcode Pro V5\sdk/vexv5\libv5rt.a(vex_motor.cpp.obj)
                0x03803d00                vex::motor::setPosition(double, vex::rotationUnits)
 .text._ZN3vex5motor13resetPositionEv
                0x03803d44       0x20 C:\Program Files (x86)\VEX Robotics\VEXcode Pro V5\sdk/vexv5\libv5rt.a(vex_motor.cpp.obj)
                0x03803d44                vex::motor::resetPosition()
 .text._ZN3vex5motor8positionENS_13rotationUnitsE
                0x03803d64       0x44 C:\Program Files (x86)\VEX Robotics\VEXcode Pro V5\sdk/vexv5\libv5rt.a(vex_motor.cpp.obj)
                0x03803d64                vex::motor::position(vex::rotationUnits)
 .text._ZN3vex8inertial11getTurnTypeEv
                0x03803da8        0x8 C:\Program Files (x86)\VEX Robotics\VEXcode Pro V5\sdk/vexv5\libv5rt.a(vex_imu.cpp.obj)
                0x03803da8                vex::inertial::getTurnType()
 .text._ZThn16_N3vex8inertial11getTurnTypeEv
                0x03803db0        0x8 C:\Program Files (x86)\VEX Robotics\VEXcode Pro V5\sdk/vexv5\libv5rt.a(vex_imu.cpp.obj)
                0x03803db0                non-virtual thunk to vex::inertial::getTurnType()
 .text._ZN3vex8inertial10setHeadingEdNS_13rotationUnitsE
                0x03803db8       0x58 C:\Program Files (x86)\VEX Robotics\VEXcode Pro V5\sdk/vexv5\libv5rt.a(vex_imu.cpp.obj)
                0x03803db8                vex::inertial::setHeading(double, vex::rotationUnits)
 .text._ZThn16_N3vex8inertial10setHeadingEdNS_13rotationUnitsE
                0x03803e10        0x8 C:\Program Files (x86)\VEX Robotics\VEXcode Pro V5\sdk/vexv5\libv5rt.a(vex_imu.cpp.obj)
                0x03803e10                non-virtual thunk to vex::inertial::setHeading(double, vex::rotationUnits)
 .text._ZN3vex8inertial11setRotationEdNS_13rotationUnitsE
                0x03803e18       0x58 C:\Program Files (x86)\VEX Robotics\VEXcode Pro V5\sdk/vexv5\libv5rt.a(vex_imu.cpp.obj)
                0x03803e18                vex::inertial::setRotation(double, vex::rotationUnits)
 .text._ZThn16_N3vex8inertial11setRotationEdNS_13rotationUnitsE
                0x03803e70        0x8 C:\Program Files (x86)\VEX Robotics\VEXcode Pro V5\sdk/vexv5\libv5rt.a(vex_imu.cpp.obj)
                0x03803e70                non-virtual thunk to vex::inertial::setRotation(double, vex::rotationUnits)
 .text._ZN3vex8inertialD2Ev
                0x03803e78       0x20 C:\Program Files (x86)\VEX Robotics\VEXcode Pro V5\sdk/vexv5\libv5rt.a(vex_imu.cpp.obj)
                0x03803e78                vex::inertial::~inertial()
                0x03803e78                vex::inertial::~inertial()
 .text._ZThn16_N3vex8inertialD1Ev
                0x03803e98        0x8 C:\Program Files (x86)\VEX Robotics\VEXcode Pro V5\sdk/vexv5\libv5rt.a(vex_imu.cpp.obj)
                0x03803e98                non-virtual thunk to vex::inertial::~inertial()
 .text._ZN3vex8inertialD0Ev
                0x03803ea0       0x1c C:\Program Files (x86)\VEX Robotics\VEXcode Pro V5\sdk/vexv5\libv5rt.a(vex_imu.cpp.obj)
                0x03803ea0                vex::inertial::~inertial()
 .text._ZThn16_N3vex8inertialD0Ev
                0x03803ebc        0x8 C:\Program Files (x86)\VEX Robotics\VEXcode Pro V5\sdk/vexv5\libv5rt.a(vex_imu.cpp.obj)
                0x03803ebc                non-virtual thunk to vex::inertial::~inertial()
 .text._ZN3vex8inertial9installedEv
                0x03803ec4       0x18 C:\Program Files (x86)\VEX Robotics\VEXcode Pro V5\sdk/vexv5\libv5rt.a(vex_imu.cpp.obj)
                0x03803ec4                vex::inertial::installed()
 .text._ZN3vex8inertial5angleENS_13rotationUnitsE
                0x03803edc       0x6c C:\Program Files (x86)\VEX Robotics\VEXcode Pro V5\sdk/vexv5\libv5rt.a(vex_imu.cpp.obj)
                0x03803edc                vex::inertial::angle(vex::rotationUnits)
 .text._ZThn16_N3vex8inertial5angleENS_13rotationUnitsE
                0x03803f48        0x8 C:\Program Files (x86)\VEX Robotics\VEXcode Pro V5\sdk/vexv5\libv5rt.a(vex_imu.cpp.obj)
                0x03803f48                non-virtual thunk to vex::inertial::angle(vex::rotationUnits)
 .text._ZN3vex8inertial7headingENS_13rotationUnitsE
                0x03803f50        0x4 C:\Program Files (x86)\VEX Robotics\VEXcode Pro V5\sdk/vexv5\libv5rt.a(vex_imu.cpp.obj)
                0x03803f50                vex::inertial::heading(vex::rotationUnits)
 .text._ZThn16_N3vex8inertial7headingENS_13rotationUnitsE
                0x03803f54        0x8 C:\Program Files (x86)\VEX Robotics\VEXcode Pro V5\sdk/vexv5\libv5rt.a(vex_imu.cpp.obj)
                0x03803f54                non-virtual thunk to vex::inertial::heading(vex::rotationUnits)
 .text._ZN3vex8inertial5valueEv
                0x03803f5c       0x1c C:\Program Files (x86)\VEX Robotics\VEXcode Pro V5\sdk/vexv5\libv5rt.a(vex_imu.cpp.obj)
                0x03803f5c                vex::inertial::value()
 .text._ZN3vex8inertial8rotationENS_13rotationUnitsE
                0x03803f78       0x48 C:\Program Files (x86)\VEX Robotics\VEXcode Pro V5\sdk/vexv5\libv5rt.a(vex_imu.cpp.obj)
                0x03803f78                vex::inertial::rotation(vex::rotationUnits)
 .text._ZThn16_N3vex8inertial8rotationENS_13rotationUnitsE
                0x03803fc0        0x8 C:\Program Files (x86)\VEX Robotics\VEXcode Pro V5\sdk/vexv5\libv5rt.a(vex_imu.cpp.obj)
                0x03803fc0                non-virtual thunk to vex::inertial::rotation(vex::rotationUnits)
 .text._ZN3vex8inertial13isCalibratingEv
                0x03803fc8       0x38 C:\Program Files (x86)\VEX Robotics\VEXcode Pro V5\sdk/vexv5\libv5rt.a(vex_imu.cpp.obj)
                0x03803fc8                vex::inertial::isCalibrating()
 .text._ZThn16_N3vex8inertial13isCalibratingEv
                0x03804000        0x8 C:\Program Files (x86)\VEX Robotics\VEXcode Pro V5\sdk/vexv5\libv5rt.a(vex_imu.cpp.obj)
                0x03804000                non-virtual thunk to vex::inertial::isCalibrating()
 .text._ZN3vex8inertialC2ElNS_8turnTypeE
                0x03804008       0x4c C:\Program Files (x86)\VEX Robotics\VEXcode Pro V5\sdk/vexv5\libv5rt.a(vex_imu.cpp.obj)
                0x03804008                vex::inertial::inertial(long, vex::turnType)
                0x03804008                vex::inertial::inertial(long, vex::turnType)
 *fill*         0x03804054        0x4 
 .text._ZN3vex8inertial4rollENS_13rotationUnitsE
                0x03804058       0x40 C:\Program Files (x86)\VEX Robotics\VEXcode Pro V5\sdk/vexv5\libv5rt.a(vex_imu.cpp.obj)
                0x03804058                vex::inertial::roll(vex::rotationUnits)
 .text._ZN3vex8inertial16startCalibrationEl
                0x03804098       0x20 C:\Program Files (x86)\VEX Robotics\VEXcode Pro V5\sdk/vexv5\libv5rt.a(vex_imu.cpp.obj)
                0x03804098                vex::inertial::startCalibration(long)
 .text._ZN3vex8inertial9calibrateEl
                0x038040b8        0xc C:\Program Files (x86)\VEX Robotics\VEXcode Pro V5\sdk/vexv5\libv5rt.a(vex_imu.cpp.obj)
                0x038040b8                vex::inertial::calibrate(long)
                0x038040bc                non-virtual thunk to vex::inertial::calibrate(long)
 .text._ZN3vex8rotationD2Ev
                0x038040c4       0x20 C:\Program Files (x86)\VEX Robotics\VEXcode Pro V5\sdk/vexv5\libv5rt.a(vex_rotation.cpp.obj)
                0x038040c4                vex::rotation::~rotation()
                0x038040c4                vex::rotation::~rotation()
 .text._ZN3vex8rotationD0Ev
                0x038040e4       0x1c C:\Program Files (x86)\VEX Robotics\VEXcode Pro V5\sdk/vexv5\libv5rt.a(vex_rotation.cpp.obj)
                0x038040e4                vex::rotation::~rotation()
 .text._ZN3vex8rotation9installedEv
                0x03804100       0x18 C:\Program Files (x86)\VEX Robotics\VEXcode Pro V5\sdk/vexv5\libv5rt.a(vex_rotation.cpp.obj)
                0x03804100                vex::rotation::installed()
 .text._ZN3vex8rotation5valueEv
                0x03804118        0x8 C:\Program Files (x86)\VEX Robotics\VEXcode Pro V5\sdk/vexv5\libv5rt.a(vex_rotation.cpp.obj)
                0x03804118                vex::rotation::value()
 .text._ZN3vex8rotationC2Elb
                0x03804120       0x30 C:\Program Files (x86)\VEX Robotics\VEXcode Pro V5\sdk/vexv5\libv5rt.a(vex_rotation.cpp.obj)
                0x03804120                vex::rotation::rotation(long, bool)
                0x03804120                vex::rotation::rotation(long, bool)
 .text._ZN3vex8rotation11setPositionEdNS_13rotationUnitsE
                0x03804150       0x48 C:\Program Files (x86)\VEX Robotics\VEXcode Pro V5\sdk/vexv5\libv5rt.a(vex_rotation.cpp.obj)
                0x03804150                vex::rotation::setPosition(double, vex::rotationUnits)
 .text._ZN3vex8rotation8positionENS_13rotationUnitsE
                0x03804198       0x50 C:\Program Files (x86)\VEX Robotics\VEXcode Pro V5\sdk/vexv5\libv5rt.a(vex_rotation.cpp.obj)
                0x03804198                vex::rotation::position(vex::rotationUnits)
 .text._ZN3vex8distanceD2Ev
                0x038041e8       0x20 C:\Program Files (x86)\VEX Robotics\VEXcode Pro V5\sdk/vexv5\libv5rt.a(vex_distance.cpp.obj)
                0x038041e8                vex::distance::~distance()
                0x038041e8                vex::distance::~distance()
 .text._ZN3vex8distanceD0Ev
                0x03804208       0x1c C:\Program Files (x86)\VEX Robotics\VEXcode Pro V5\sdk/vexv5\libv5rt.a(vex_distance.cpp.obj)
                0x03804208                vex::distance::~distance()
 .text._ZN3vex8distance9installedEv
                0x03804224       0x18 C:\Program Files (x86)\VEX Robotics\VEXcode Pro V5\sdk/vexv5\libv5rt.a(vex_distance.cpp.obj)
                0x03804224                vex::distance::installed()
 .text._ZN3vex8distance5valueEv
                0x0380423c        0x8 C:\Program Files (x86)\VEX Robotics\VEXcode Pro V5\sdk/vexv5\libv5rt.a(vex_distance.cpp.obj)
                0x0380423c                vex::distance::value()
 .text._ZN3vex8distanceC2El
                0x03804244       0x20 C:\Program Files (x86)\VEX Robotics\VEXcode Pro V5\sdk/vexv5\libv5rt.a(vex_distance.cpp.obj)
                0x03804244                vex::distance::distance(long)
                0x03804244                vex::distance::distance(long)
 *fill*         0x03804264        0x4 
 .text._ZN3vex8distance14objectDistanceENS_13distanceUnitsE
                0x03804268       0x48 C:\Program Files (x86)\VEX Robotics\VEXcode Pro V5\sdk/vexv5\libv5rt.a(vex_distance.cpp.obj)
                0x03804268                vex::distance::objectDistance(vex::distanceUnits)
 .text._ZN3vex10controllerD2Ev
                0x038042b0        0x4 C:\Program Files (x86)\VEX Robotics\VEXcode Pro V5\sdk/vexv5\libv5rt.a(vex_controller.cpp.obj)
                0x038042b0                vex::controller::~controller()
                0x038042b0                vex::controller::~controller()
 .text._ZN3vex10controller5valueE19_V5_ControllerIndex
                0x038042b4        0x8 C:\Program Files (x86)\VEX Robotics\VEXcode Pro V5\sdk/vexv5\libv5rt.a(vex_controller.cpp.obj)
                0x038042b4                vex::controller::value(_V5_ControllerIndex)
 .text._ZNK3vex10controller6button7pressedEPFvvE
                0x038042bc      0x108 C:\Program Files (x86)\VEX Robotics\VEXcode Pro V5\sdk/vexv5\libv5rt.a(vex_controller.cpp.obj)
                0x038042bc                vex::controller::button::pressed(void (*)()) const
 .text._ZNK3vex10controller6button8releasedEPFvvE
                0x038043c4      0x108 C:\Program Files (x86)\VEX Robotics\VEXcode Pro V5\sdk/vexv5\libv5rt.a(vex_controller.cpp.obj)
                0x038043c4                vex::controller::button::released(void (*)()) const
 .text._ZNK3vex10controller6button21_buttonToPressedEventEv
                0x038044cc       0x20 C:\Program Files (x86)\VEX Robotics\VEXcode Pro V5\sdk/vexv5\libv5rt.a(vex_controller.cpp.obj)
                0x038044cc                vex::controller::button::_buttonToPressedEvent() const
 .text._ZNK3vex10controller6button22_buttonToReleasedEventEv
                0x038044ec       0x20 C:\Program Files (x86)\VEX Robotics\VEXcode Pro V5\sdk/vexv5\libv5rt.a(vex_controller.cpp.obj)
                0x038044ec                vex::controller::button::_buttonToReleasedEvent() const
 .text._ZN3vex10controller6buttonC2ENS0_11tButtonTypeEPS0_
                0x0380450c       0x48 C:\Program Files (x86)\VEX Robotics\VEXcode Pro V5\sdk/vexv5\libv5rt.a(vex_controller.cpp.obj)
                0x0380450c                vex::controller::button::button(vex::controller::tButtonType, vex::controller*)
                0x0380450c                vex::controller::button::button(vex::controller::tButtonType, vex::controller*)
 .text._ZNK3vex10controller4axis5valueEv
                0x03804554       0x58 C:\Program Files (x86)\VEX Robotics\VEXcode Pro V5\sdk/vexv5\libv5rt.a(vex_controller.cpp.obj)
                0x03804554                vex::controller::axis::value() const
 .text._ZNK3vex10controller4axis23_joystickToChangedEventEv
                0x038045ac       0x20 C:\Program Files (x86)\VEX Robotics\VEXcode Pro V5\sdk/vexv5\libv5rt.a(vex_controller.cpp.obj)
                0x038045ac                vex::controller::axis::_joystickToChangedEvent() const
 .text._ZN3vex10controller4axisC2ENS0_9tAxisTypeEPS0_
                0x038045cc       0x2c C:\Program Files (x86)\VEX Robotics\VEXcode Pro V5\sdk/vexv5\libv5rt.a(vex_controller.cpp.obj)
                0x038045cc                vex::controller::axis::axis(vex::controller::tAxisType, vex::controller*)
                0x038045cc                vex::controller::axis::axis(vex::controller::tAxisType, vex::controller*)
 .text._ZN3vex10controllerC2ENS_14controllerTypeE
                0x038045f8      0x16c C:\Program Files (x86)\VEX Robotics\VEXcode Pro V5\sdk/vexv5\libv5rt.a(vex_controller.cpp.obj)
                0x038045f8                vex::controller::controller(vex::controllerType)
                0x038045f8                vex::controller::controller(vex::controllerType)
 .text._ZN3vex10controller3lcd15getControllerIdEv
                0x03804764       0x10 C:\Program Files (x86)\VEX Robotics\VEXcode Pro V5\sdk/vexv5\libv5rt.a(vex_controller.cpp.obj)
                0x03804764                vex::controller::lcd::getControllerId()
 .text._ZN3vex10controller3lcd9setCursorEll
                0x03804774       0x40 C:\Program Files (x86)\VEX Robotics\VEXcode Pro V5\sdk/vexv5\libv5rt.a(vex_controller.cpp.obj)
                0x03804774                vex::controller::lcd::setCursor(long, long)
 .text._ZN3vex10controller3lcd5printEPKcz
                0x038047b4       0x80 C:\Program Files (x86)\VEX Robotics\VEXcode Pro V5\sdk/vexv5\libv5rt.a(vex_controller.cpp.obj)
                0x038047b4                vex::controller::lcd::print(char const*, ...)
 .text._ZN3vex10controller3lcd9clearLineEi
                0x03804834       0x80 C:\Program Files (x86)\VEX Robotics\VEXcode Pro V5\sdk/vexv5\libv5rt.a(vex_controller.cpp.obj)
                0x03804834                vex::controller::lcd::clearLine(int)
 .text._ZN3vex10controller3lcd11clearScreenEv
                0x038048b4       0x5c C:\Program Files (x86)\VEX Robotics\VEXcode Pro V5\sdk/vexv5\libv5rt.a(vex_controller.cpp.obj)
                0x038048b4                vex::controller::lcd::clearScreen()
 .text._ZN3vex4taskC2EPFivE
                0x03804910       0x5c C:\Program Files (x86)\VEX Robotics\VEXcode Pro V5\sdk/vexv5\libv5rt.a(vex_task.cpp.obj)
                0x03804910                vex::task::task(int (*)())
                0x03804910                vex::task::task(int (*)())
 .text._ZN3vex4taskD2Ev
                0x0380496c        0x4 C:\Program Files (x86)\VEX Robotics\VEXcode Pro V5\sdk/vexv5\libv5rt.a(vex_task.cpp.obj)
                0x0380496c                vex::task::~task()
                0x0380496c                vex::task::~task()
 .text._ZN3vex4task4stopEPvi
                0x03804970       0x1c C:\Program Files (x86)\VEX Robotics\VEXcode Pro V5\sdk/vexv5\libv5rt.a(vex_task.cpp.obj)
                0x03804970                vex::task::stop(void*, int)
 .text._ZN3vex4task5sleepEm
                0x0380498c        0x4 C:\Program Files (x86)\VEX Robotics\VEXcode Pro V5\sdk/vexv5\libv5rt.a(vex_task.cpp.obj)
                0x0380498c                vex::task::sleep(unsigned long)
 .text._ZN3vex4task6_indexEPFivE
                0x03804990       0x14 C:\Program Files (x86)\VEX Robotics\VEXcode Pro V5\sdk/vexv5\libv5rt.a(vex_task.cpp.obj)
                0x03804990                vex::task::_index(int (*)())
 .text._ZN3vex4task8_stopAllEv
                0x038049a4       0x3c C:\Program Files (x86)\VEX Robotics\VEXcode Pro V5\sdk/vexv5\libv5rt.a(vex_task.cpp.obj)
                0x038049a4                vex::task::_stopAll()
 .text._ZN3vex11this_thread9sleep_forEm
                0x038049e0        0x4 C:\Program Files (x86)\VEX Robotics\VEXcode Pro V5\sdk/vexv5\libv5rt.a(vex_thread.cpp.obj)
                0x038049e0                vex::this_thread::sleep_for(unsigned long)
 .text._ZN3vex5event4initEmmPFvvE
                0x038049e4        0x4 C:\Program Files (x86)\VEX Robotics\VEXcode Pro V5\sdk/vexv5\libv5rt.a(vex_event.cpp.obj)
                0x038049e4                vex::event::init(unsigned long, unsigned long, void (*)())
 .text._ZN3vex5event4initEmmPFvPvES1_
                0x038049e8        0x4 C:\Program Files (x86)\VEX Robotics\VEXcode Pro V5\sdk/vexv5\libv5rt.a(vex_event.cpp.obj)
                0x038049e8                vex::event::init(unsigned long, unsigned long, void (*)(void*), void*)
 .text._ZN3vex5event9userindexEv
                0x038049ec        0x4 C:\Program Files (x86)\VEX Robotics\VEXcode Pro V5\sdk/vexv5\libv5rt.a(vex_event.cpp.obj)
                0x038049ec                vex::event::userindex()
 .text._ZZN3vex6meventC4EmmENUlvE_4_FUNEv
                0x038049f0        0x4 C:\Program Files (x86)\VEX Robotics\VEXcode Pro V5\sdk/vexv5\libv5rt.a(vex_mevent.cpp.obj)
 .text._ZN3vex6meventC2Emm
                0x038049f4       0x70 C:\Program Files (x86)\VEX Robotics\VEXcode Pro V5\sdk/vexv5\libv5rt.a(vex_mevent.cpp.obj)
                0x038049f4                vex::mevent::mevent(unsigned long, unsigned long)
                0x038049f4                vex::mevent::mevent(unsigned long, unsigned long)
 .text._ZL9_hexDigitc
                0x03804a64       0x48 C:\Program Files (x86)\VEX Robotics\VEXcode Pro V5\sdk/vexv5\libv5rt.a(vex_brain.cpp.obj)
 .text._ZN3vex5brain9_getIndexEv
                0x03804aac       0x10 C:\Program Files (x86)\VEX Robotics\VEXcode Pro V5\sdk/vexv5\libv5rt.a(vex_brain.cpp.obj)
                0x03804aac                vex::brain::_getIndex()
 .text._ZN3vex5brain5timerENS_9timeUnitsE
                0x03804abc        0x8 C:\Program Files (x86)\VEX Robotics\VEXcode Pro V5\sdk/vexv5\libv5rt.a(vex_brain.cpp.obj)
                0x03804abc                vex::brain::timer(vex::timeUnits)
 .text._ZN3vex5brain10resetTimerEv
                0x03804ac4        0x8 C:\Program Files (x86)\VEX Robotics\VEXcode Pro V5\sdk/vexv5\libv5rt.a(vex_brain.cpp.obj)
                0x03804ac4                vex::brain::resetTimer()
 .text._ZN3vex5brain3lcd9setCursorEll
                0x03804acc       0x44 C:\Program Files (x86)\VEX Robotics\VEXcode Pro V5\sdk/vexv5\libv5rt.a(vex_brain.cpp.obj)
                0x03804acc                vex::brain::lcd::setCursor(long, long)
 .text._ZN3vex5brain3lcd7setFontENS_8fontTypeE
                0x03804b10      0x23c C:\Program Files (x86)\VEX Robotics\VEXcode Pro V5\sdk/vexv5\libv5rt.a(vex_brain.cpp.obj)
                0x03804b10                vex::brain::lcd::setFont(vex::fontType)
 .text._ZN3vex5brain3lcdC2Ev
                0x03804d4c       0x94 C:\Program Files (x86)\VEX Robotics\VEXcode Pro V5\sdk/vexv5\libv5rt.a(vex_brain.cpp.obj)
                0x03804d4c                vex::brain::lcd::lcd()
                0x03804d4c                vex::brain::lcd::lcd()
 .text._ZN3vex5brainC2Ev
                0x03804de0       0x3c C:\Program Files (x86)\VEX Robotics\VEXcode Pro V5\sdk/vexv5\libv5rt.a(vex_brain.cpp.obj)
                0x03804de0                vex::brain::brain()
                0x03804de0                vex::brain::brain()
 .text._ZN3vex5brain3lcd12setFillColorERKNS_5colorE
                0x03804e1c       0x38 C:\Program Files (x86)\VEX Robotics\VEXcode Pro V5\sdk/vexv5\libv5rt.a(vex_brain.cpp.obj)
                0x03804e1c                vex::brain::lcd::setFillColor(vex::color const&)
 .text._ZN3vex5brain3lcd7printAtEllPKcz
                0x03804e54       0x54 C:\Program Files (x86)\VEX Robotics\VEXcode Pro V5\sdk/vexv5\libv5rt.a(vex_brain.cpp.obj)
                0x03804e54                vex::brain::lcd::printAt(long, long, char const*, ...)
 .text._ZN3vex5brain3lcd12_clearScreenEm
                0x03804ea8       0x38 C:\Program Files (x86)\VEX Robotics\VEXcode Pro V5\sdk/vexv5\libv5rt.a(vex_brain.cpp.obj)
                0x03804ea8                vex::brain::lcd::_clearScreen(unsigned long)
 .text._ZN3vex5brain3lcd11clearScreenERKNS_5colorE
                0x03804ee0       0x20 C:\Program Files (x86)\VEX Robotics\VEXcode Pro V5\sdk/vexv5\libv5rt.a(vex_brain.cpp.obj)
                0x03804ee0                vex::brain::lcd::clearScreen(vex::color const&)
 .text._ZN3vex5brain3lcd11clearScreenEv
                0x03804f00       0x2c C:\Program Files (x86)\VEX Robotics\VEXcode Pro V5\sdk/vexv5\libv5rt.a(vex_brain.cpp.obj)
                0x03804f00                vex::brain::lcd::clearScreen()
 .text._ZN3vex5brain3lcd7pressedEPFvvE
                0x03804f2c       0x1c C:\Program Files (x86)\VEX Robotics\VEXcode Pro V5\sdk/vexv5\libv5rt.a(vex_brain.cpp.obj)
                0x03804f2c                vex::brain::lcd::pressed(void (*)())
 .text._ZN3vex5brain3lcd13webColorToRgbEPKc
                0x03804f48       0x9c C:\Program Files (x86)\VEX Robotics\VEXcode Pro V5\sdk/vexv5\libv5rt.a(vex_brain.cpp.obj)
                0x03804f48                vex::brain::lcd::webColorToRgb(char const*)
 .text._ZN3vex5brain3lcd12setFillColorEPKc
                0x03804fe4       0x1c C:\Program Files (x86)\VEX Robotics\VEXcode Pro V5\sdk/vexv5\libv5rt.a(vex_brain.cpp.obj)
                0x03804fe4                vex::brain::lcd::setFillColor(char const*)
 .text._ZN3vex5brainD2Ev
                0x03805000       0x20 C:\Program Files (x86)\VEX Robotics\VEXcode Pro V5\sdk/vexv5\libv5rt.a(vex_brain.cpp.obj)
                0x03805000                vex::brain::~brain()
                0x03805000                vex::brain::~brain()
 .text._ZN3vex11competition8_disableEPv
                0x03805020       0xa4 C:\Program Files (x86)\VEX Robotics\VEXcode Pro V5\sdk/vexv5\libv5rt.a(vex_competition.cpp.obj)
                0x03805020                vex::competition::_disable(void*)
 .text._ZN3vex11competition11_autonomousEv
                0x038050c4       0x80 C:\Program Files (x86)\VEX Robotics\VEXcode Pro V5\sdk/vexv5\libv5rt.a(vex_competition.cpp.obj)
                0x038050c4                vex::competition::_autonomous()
 .text._ZN3vex11competition14_drivercontrolEv
                0x03805144       0x80 C:\Program Files (x86)\VEX Robotics\VEXcode Pro V5\sdk/vexv5\libv5rt.a(vex_competition.cpp.obj)
                0x03805144                vex::competition::_drivercontrol()
 .text._ZN3vex11competitionC2Ev
                0x038051c4      0x13c C:\Program Files (x86)\VEX Robotics\VEXcode Pro V5\sdk/vexv5\libv5rt.a(vex_competition.cpp.obj)
                0x038051c4                vex::competition::competition()
                0x038051c4                vex::competition::competition()
 .text._ZN3vex11competitionD2Ev
                0x03805300        0x4 C:\Program Files (x86)\VEX Robotics\VEXcode Pro V5\sdk/vexv5\libv5rt.a(vex_competition.cpp.obj)
                0x03805300                vex::competition::~competition()
                0x03805300                vex::competition::~competition()
 .text._ZN3vex7triportD2Ev
                0x03805304       0x38 C:\Program Files (x86)\VEX Robotics\VEXcode Pro V5\sdk/vexv5\libv5rt.a(vex_triport.cpp.obj)
                0x03805304                vex::triport::~triport()
                0x03805304                vex::triport::~triport()
 .text._ZN3vex7triportD0Ev
                0x0380533c       0x1c C:\Program Files (x86)\VEX Robotics\VEXcode Pro V5\sdk/vexv5\libv5rt.a(vex_triport.cpp.obj)
                0x0380533c                vex::triport::~triport()
 .text._ZN3vex7triport9installedEv
                0x03805358       0x18 C:\Program Files (x86)\VEX Robotics\VEXcode Pro V5\sdk/vexv5\libv5rt.a(vex_triport.cpp.obj)
                0x03805358                vex::triport::installed()
 .text._ZN3vex7triport4portC2ElPS0_
                0x03805370       0x74 C:\Program Files (x86)\VEX Robotics\VEXcode Pro V5\sdk/vexv5\libv5rt.a(vex_triport.cpp.obj)
                0x03805370                vex::triport::port::port(long, vex::triport*)
                0x03805370                vex::triport::port::port(long, vex::triport*)
 .text._ZN3vex7triportC2El
                0x038053e4       0xf0 C:\Program Files (x86)\VEX Robotics\VEXcode Pro V5\sdk/vexv5\libv5rt.a(vex_triport.cpp.obj)
                0x038053e4                vex::triport::triport(long)
                0x038053e4                vex::triport::triport(long)
 .text._ZN3vex7triport4port4typeENS_11triportTypeE
                0x038054d4       0x30 C:\Program Files (x86)\VEX Robotics\VEXcode Pro V5\sdk/vexv5\libv5rt.a(vex_triport.cpp.obj)
                0x038054d4                vex::triport::port::type(vex::triportType)
 .text._ZN3vex7triport4port4typeEv
                0x03805504       0x38 C:\Program Files (x86)\VEX Robotics\VEXcode Pro V5\sdk/vexv5\libv5rt.a(vex_triport.cpp.obj)
                0x03805504                vex::triport::port::type()
 .text._ZN3vex7triport4port5valueEv
                0x0380553c       0x14 C:\Program Files (x86)\VEX Robotics\VEXcode Pro V5\sdk/vexv5\libv5rt.a(vex_triport.cpp.obj)
                0x0380553c                vex::triport::port::value()
 .text._ZN3vex7triport4port5valueEl
                0x03805550       0x18 C:\Program Files (x86)\VEX Robotics\VEXcode Pro V5\sdk/vexv5\libv5rt.a(vex_triport.cpp.obj)
                0x03805550                vex::triport::port::value(long)
 .text._ZN3vex11__trideviceC2ERNS_7triport4portENS_11triportTypeE
                0x03805568       0x5c C:\Program Files (x86)\VEX Robotics\VEXcode Pro V5\sdk/vexv5\libv5rt.a(vex_triport.cpp.obj)
                0x03805568                vex::__tridevice::__tridevice(vex::triport::port&, vex::triportType)
                0x03805568                vex::__tridevice::__tridevice(vex::triport::port&, vex::triportType)
 .text._ZN3vex11digital_outC2ERNS_7triport4portE
                0x038055c4       0x18 C:\Program Files (x86)\VEX Robotics\VEXcode Pro V5\sdk/vexv5\libv5rt.a(vex_triport.cpp.obj)
                0x038055c4                vex::digital_out::digital_out(vex::triport::port&)
                0x038055c4                vex::digital_out::digital_out(vex::triport::port&)
 .text._ZN3vex11digital_outD2Ev
                0x038055dc        0x4 C:\Program Files (x86)\VEX Robotics\VEXcode Pro V5\sdk/vexv5\libv5rt.a(vex_triport.cpp.obj)
                0x038055dc                vex::digital_out::~digital_out()
                0x038055dc                vex::digital_out::~digital_out()
 .text._ZN3vex11digital_out3setEb
                0x038055e0        0x8 C:\Program Files (x86)\VEX Robotics\VEXcode Pro V5\sdk/vexv5\libv5rt.a(vex_triport.cpp.obj)
                0x038055e0                vex::digital_out::set(bool)
 .text._ZN3vex11digital_outcvbEv
                0x038055e8       0x1c C:\Program Files (x86)\VEX Robotics\VEXcode Pro V5\sdk/vexv5\libv5rt.a(vex_triport.cpp.obj)
                0x038055e8                vex::digital_out::operator bool()
 .text._ZN3vex11digital_outaSEl
                0x03805604        0xc C:\Program Files (x86)\VEX Robotics\VEXcode Pro V5\sdk/vexv5\libv5rt.a(vex_triport.cpp.obj)
                0x03805604                vex::digital_out::operator=(long)
 .text._ZN3vex5colorD2Ev
                0x03805610        0x4 C:\Program Files (x86)\VEX Robotics\VEXcode Pro V5\sdk/vexv5\libv5rt.a(vex_color.cpp.obj)
                0x03805610                vex::color::~color()
                0x03805610                vex::color::~color()
 .text._ZNK3vex5colorcvmEv
                0x03805614        0x8 C:\Program Files (x86)\VEX Robotics\VEXcode Pro V5\sdk/vexv5\libv5rt.a(vex_color.cpp.obj)
                0x03805614                vex::color::operator unsigned long() const
 .text._ZNK3vex5color13isTransparentEv
                0x0380561c        0x8 C:\Program Files (x86)\VEX Robotics\VEXcode Pro V5\sdk/vexv5\libv5rt.a(vex_color.cpp.obj)
                0x0380561c                vex::color::isTransparent() const
 .text.startup._GLOBAL__sub_I__ZN3vex5color5blackE
                0x03805624      0x164 C:\Program Files (x86)\VEX Robotics\VEXcode Pro V5\sdk/vexv5\libv5rt.a(vex_color.cpp.obj)
 .text._ZN3vex5timerD2Ev
                0x03805788        0x4 C:\Program Files (x86)\VEX Robotics\VEXcode Pro V5\sdk/vexv5\libv5rt.a(vex_timer.cpp.obj)
                0x03805788                vex::timer::~timer()
                0x03805788                vex::timer::~timer()
 .text._ZN3vex5timer5clearEv
                0x0380578c       0x1c C:\Program Files (x86)\VEX Robotics\VEXcode Pro V5\sdk/vexv5\libv5rt.a(vex_timer.cpp.obj)
                0x0380578c                vex::timer::clear()
 .text._ZN3vex5timerC2Ev
                0x038057a8       0x14 C:\Program Files (x86)\VEX Robotics\VEXcode Pro V5\sdk/vexv5\libv5rt.a(vex_timer.cpp.obj)
                0x038057a8                vex::timer::timer()
                0x038057a8                vex::timer::timer()
 *fill*         0x038057bc        0x4 
 .text._ZNK3vex5timer4timeENS_9timeUnitsE
                0x038057c0       0x40 C:\Program Files (x86)\VEX Robotics\VEXcode Pro V5\sdk/vexv5\libv5rt.a(vex_timer.cpp.obj)
                0x038057c0                vex::timer::time(vex::timeUnits) const
 .text.vexAdiPortConfigSet
                0x03805800       0x28 C:\Program Files (x86)\VEX Robotics\VEXcode Pro V5\sdk/vexv5\libv5rt.a(v5_apiuser.c.obj)
                0x03805800                vexAdiPortConfigSet
 .text.vexAdiPortConfigGet
                0x03805828       0x28 C:\Program Files (x86)\VEX Robotics\VEXcode Pro V5\sdk/vexv5\libv5rt.a(v5_apiuser.c.obj)
                0x03805828                vexAdiPortConfigGet
 .text.vexAdiValueSet
                0x03805850       0x28 C:\Program Files (x86)\VEX Robotics\VEXcode Pro V5\sdk/vexv5\libv5rt.a(v5_apiuser.c.obj)
                0x03805850                vexAdiValueSet
 .text.vexAdiValueGet
                0x03805878       0x20 C:\Program Files (x86)\VEX Robotics\VEXcode Pro V5\sdk/vexv5\libv5rt.a(v5_apiuser.c.obj)
                0x03805878                vexAdiValueGet
 .text.vexMotorVelocitySet
                0x03805898       0x20 C:\Program Files (x86)\VEX Robotics\VEXcode Pro V5\sdk/vexv5\libv5rt.a(v5_apiuser.c.obj)
                0x03805898                vexMotorVelocitySet
 .text.vexMotorActualVelocityGet
                0x038058b8       0x24 C:\Program Files (x86)\VEX Robotics\VEXcode Pro V5\sdk/vexv5\libv5rt.a(v5_apiuser.c.obj)
                0x038058b8                vexMotorActualVelocityGet
 .text.vexMotorCurrentLimitSet
                0x038058dc       0x20 C:\Program Files (x86)\VEX Robotics\VEXcode Pro V5\sdk/vexv5\libv5rt.a(v5_apiuser.c.obj)
                0x038058dc                vexMotorCurrentLimitSet
 .text.vexMotorTemperatureGet
                0x038058fc       0x24 C:\Program Files (x86)\VEX Robotics\VEXcode Pro V5\sdk/vexv5\libv5rt.a(v5_apiuser.c.obj)
                0x038058fc                vexMotorTemperatureGet
 .text.vexMotorReverseFlagSet
                0x03805920       0x20 C:\Program Files (x86)\VEX Robotics\VEXcode Pro V5\sdk/vexv5\libv5rt.a(v5_apiuser.c.obj)
                0x03805920                vexMotorReverseFlagSet
 .text.vexMotorEncoderUnitsSet
                0x03805940       0x20 C:\Program Files (x86)\VEX Robotics\VEXcode Pro V5\sdk/vexv5\libv5rt.a(v5_apiuser.c.obj)
                0x03805940                vexMotorEncoderUnitsSet
 .text.vexMotorBrakeModeSet
                0x03805960       0x20 C:\Program Files (x86)\VEX Robotics\VEXcode Pro V5\sdk/vexv5\libv5rt.a(v5_apiuser.c.obj)
                0x03805960                vexMotorBrakeModeSet
 .text.vexMotorPositionSet
                0x03805980       0x28 C:\Program Files (x86)\VEX Robotics\VEXcode Pro V5\sdk/vexv5\libv5rt.a(v5_apiuser.c.obj)
                0x03805980                vexMotorPositionSet
 .text.vexMotorPositionGet
                0x038059a8       0x24 C:\Program Files (x86)\VEX Robotics\VEXcode Pro V5\sdk/vexv5\libv5rt.a(v5_apiuser.c.obj)
                0x038059a8                vexMotorPositionGet
 .text.vexMotorGearingSet
                0x038059cc       0x20 C:\Program Files (x86)\VEX Robotics\VEXcode Pro V5\sdk/vexv5\libv5rt.a(v5_apiuser.c.obj)
                0x038059cc                vexMotorGearingSet
 .text.vexMotorGearingGet
                0x038059ec       0x18 C:\Program Files (x86)\VEX Robotics\VEXcode Pro V5\sdk/vexv5\libv5rt.a(v5_apiuser.c.obj)
                0x038059ec                vexMotorGearingGet
 .text.vexImuReset
                0x03805a04       0x10 C:\Program Files (x86)\VEX Robotics\VEXcode Pro V5\sdk/vexv5\libv5rt.a(v5_apiuser.c.obj)
                0x03805a04                vexImuReset
 .text.vexImuHeadingGet
                0x03805a14       0x10 C:\Program Files (x86)\VEX Robotics\VEXcode Pro V5\sdk/vexv5\libv5rt.a(v5_apiuser.c.obj)
                0x03805a14                vexImuHeadingGet
 .text.vexImuDegreesGet
                0x03805a24       0x10 C:\Program Files (x86)\VEX Robotics\VEXcode Pro V5\sdk/vexv5\libv5rt.a(v5_apiuser.c.obj)
                0x03805a24                vexImuDegreesGet
 .text.vexImuAttitudeGet
                0x03805a34       0x18 C:\Program Files (x86)\VEX Robotics\VEXcode Pro V5\sdk/vexv5\libv5rt.a(v5_apiuser.c.obj)
                0x03805a34                vexImuAttitudeGet
 .text.vexImuStatusGet
                0x03805a4c       0x10 C:\Program Files (x86)\VEX Robotics\VEXcode Pro V5\sdk/vexv5\libv5rt.a(v5_apiuser.c.obj)
                0x03805a4c                vexImuStatusGet
 .text.vexAbsEncPositionSet
                0x03805a5c       0x18 C:\Program Files (x86)\VEX Robotics\VEXcode Pro V5\sdk/vexv5\libv5rt.a(v5_apiuser.c.obj)
                0x03805a5c                vexAbsEncPositionSet
 .text.vexAbsEncPositionGet
                0x03805a74       0x10 C:\Program Files (x86)\VEX Robotics\VEXcode Pro V5\sdk/vexv5\libv5rt.a(v5_apiuser.c.obj)
                0x03805a74                vexAbsEncPositionGet
 .text.vexAbsEncAngleGet
                0x03805a84       0x10 C:\Program Files (x86)\VEX Robotics\VEXcode Pro V5\sdk/vexv5\libv5rt.a(v5_apiuser.c.obj)
                0x03805a84                vexAbsEncAngleGet
 .text.vexAbsEncReverseFlagSet
                0x03805a94       0x18 C:\Program Files (x86)\VEX Robotics\VEXcode Pro V5\sdk/vexv5\libv5rt.a(v5_apiuser.c.obj)
                0x03805a94                vexAbsEncReverseFlagSet
 .text.vexDistanceDistanceGet
                0x03805aac       0x10 C:\Program Files (x86)\VEX Robotics\VEXcode Pro V5\sdk/vexv5\libv5rt.a(v5_apiuser.c.obj)
                0x03805aac                vexDistanceDistanceGet
 .text.vexEventMaskSet
                0x03805abc       0x28 C:\Program Files (x86)\VEX Robotics\VEXcode Pro V5\sdk/vexv5\libv5rt.a(v5_apiuser.c.obj)
                0x03805abc                vexEventMaskSet
 .text.vexEventMaskGet
                0x03805ae4       0x18 C:\Program Files (x86)\VEX Robotics\VEXcode Pro V5\sdk/vexv5\libv5rt.a(v5_apiuser.c.obj)
                0x03805ae4                vexEventMaskGet
 .text._ZN3vex6deviceD2Ev
                0x03805afc        0x4 C:\Program Files (x86)\VEX Robotics\VEXcode Pro V5\sdk/vexv5\libv5rt.a(vex_device.cpp.obj)
                0x03805afc                vex::device::~device()
                0x03805afc                vex::device::~device()
 .text._ZN3vex6device5valueEv
                0x03805b00        0x8 C:\Program Files (x86)\VEX Robotics\VEXcode Pro V5\sdk/vexv5\libv5rt.a(vex_device.cpp.obj)
                0x03805b00                vex::device::value()
 .text._ZN3vex6deviceD0Ev
                0x03805b08       0x14 C:\Program Files (x86)\VEX Robotics\VEXcode Pro V5\sdk/vexv5\libv5rt.a(vex_device.cpp.obj)
                0x03805b08                vex::device::~device()
 .text._ZN3vex6device4initEl
                0x03805b1c       0x30 C:\Program Files (x86)\VEX Robotics\VEXcode Pro V5\sdk/vexv5\libv5rt.a(vex_device.cpp.obj)
                0x03805b1c                vex::device::init(long)
 .text._ZN3vex6deviceC2El
                0x03805b4c       0x20 C:\Program Files (x86)\VEX Robotics\VEXcode Pro V5\sdk/vexv5\libv5rt.a(vex_device.cpp.obj)
                0x03805b4c                vex::device::device(long)
                0x03805b4c                vex::device::device(long)
 .text._ZN3vex6device4typeEv
                0x03805b6c       0x10 C:\Program Files (x86)\VEX Robotics\VEXcode Pro V5\sdk/vexv5\libv5rt.a(vex_device.cpp.obj)
                0x03805b6c                vex::device::type()
 .text._ZN3vex6device9installedEv
                0x03805b7c       0x14 C:\Program Files (x86)\VEX Robotics\VEXcode Pro V5\sdk/vexv5\libv5rt.a(vex_device.cpp.obj)
                0x03805b7c                vex::device::installed()
 .text.__libc_fini_array
                0x03805b90       0x30 C:\Program Files (x86)\VEX Robotics\VEXcode Pro V5\sdk/vexv5/gcc/libs\libc.a(lib_a-fini.o)
                0x03805b90                __libc_fini_array
 .text.__libc_init_array
                0x03805bc0       0x58 C:\Program Files (x86)\VEX Robotics\VEXcode Pro V5\sdk/vexv5/gcc/libs\libc.a(lib_a-init.o)
                0x03805bc0                __libc_init_array
 .text.__libc_init_array.__stub
                0x03805c18       0x18 linker stubs
 *(.gnu.linkonce.t.*)
 *(.plt)
 *(.gnu_warning)
 *(.gcc_except_table)
 *(.glue_7)
 .glue_7        0x00000000        0x0 linker stubs
 *(.glue_7t)
 .glue_7t       0x00000000        0x0 linker stubs
 *(.vfp11_veneer)
 .vfp11_veneer  0x00000000        0x0 linker stubs
 *(.ARM.extab)
 *(.gnu.linkonce.armextab.*)

.v4_bx          0x03805c30        0x0
 .v4_bx         0x00000000        0x0 linker stubs

.iplt           0x03805c30        0x0
 .iplt          0x00000000        0x0 build/src/main.o

.init
 *(.init)

.fini
 *(.fini)

.rodata         0x03805c30      0x424
                0x03805c30                __rodata_start = .
 *(.rodata)
 *(.rodata.*)
 .rodata.str1.1
                0x03805c30      0x1be build/src/main.o
                                0x1c6 (size before relaxing)
 *fill*         0x03805dee        0x2 
 .rodata..Lswitch.table._Z12CatapultTaskv
                0x03805df0        0xc build/src/main.o
 .rodata..Lswitch.table._Z13brain_pressedv
                0x03805dfc       0x1c build/src/main.o
 .rodata.str1.1
                0x03805e18       0x2e C:\Program Files (x86)\VEX Robotics\VEXcode Pro V5\sdk/vexv5\libv5rt.a(v5_startup.c.obj)
 *fill*         0x03805e46        0x2 
 .rodata._ZN3vex6PORT20E
                0x03805e48        0x4 C:\Program Files (x86)\VEX Robotics\VEXcode Pro V5\sdk/vexv5\libv5rt.a(vex_global.cpp.obj)
                0x03805e48                vex::PORT20
 .rodata._ZN3vex6purpleE
                0x03805e4c        0x4 C:\Program Files (x86)\VEX Robotics\VEXcode Pro V5\sdk/vexv5\libv5rt.a(vex_global.cpp.obj)
                0x03805e4c                vex::purple
 .rodata._ZN3vex3fwdE
                0x03805e50        0x4 C:\Program Files (x86)\VEX Robotics\VEXcode Pro V5\sdk/vexv5\libv5rt.a(vex_global.cpp.obj)
                0x03805e50                vex::fwd
 .rodata._ZN3vex5PORT1E
                0x03805e54        0x4 C:\Program Files (x86)\VEX Robotics\VEXcode Pro V5\sdk/vexv5\libv5rt.a(vex_global.cpp.obj)
                0x03805e54                vex::PORT1
 .rodata._ZN3vex10fahrenheitE
                0x03805e58        0x4 C:\Program Files (x86)\VEX Robotics\VEXcode Pro V5\sdk/vexv5\libv5rt.a(vex_global.cpp.obj)
                0x03805e58                vex::fahrenheit
 .rodata._ZN3vex7forwardE
                0x03805e5c        0x4 C:\Program Files (x86)\VEX Robotics\VEXcode Pro V5\sdk/vexv5\libv5rt.a(vex_global.cpp.obj)
                0x03805e5c                vex::forward
 .rodata._ZN3vex6PORT14E
                0x03805e60        0x4 C:\Program Files (x86)\VEX Robotics\VEXcode Pro V5\sdk/vexv5\libv5rt.a(vex_global.cpp.obj)
                0x03805e60                vex::PORT14
 .rodata._ZN3vex3pctE
                0x03805e64        0x4 C:\Program Files (x86)\VEX Robotics\VEXcode Pro V5\sdk/vexv5\libv5rt.a(vex_global.cpp.obj)
                0x03805e64                vex::pct
 .rodata._ZN3vex3redE
                0x03805e68        0x4 C:\Program Files (x86)\VEX Robotics\VEXcode Pro V5\sdk/vexv5\libv5rt.a(vex_global.cpp.obj)
                0x03805e68                vex::red
 .rodata._ZN3vex5blackE
                0x03805e6c        0x4 C:\Program Files (x86)\VEX Robotics\VEXcode Pro V5\sdk/vexv5\libv5rt.a(vex_global.cpp.obj)
                0x03805e6c                vex::black
 .rodata._ZN3vex4msecE
                0x03805e70        0x4 C:\Program Files (x86)\VEX Robotics\VEXcode Pro V5\sdk/vexv5\libv5rt.a(vex_global.cpp.obj)
                0x03805e70                vex::msec
 .rodata._ZN3vex6PORT18E
                0x03805e74        0x4 C:\Program Files (x86)\VEX Robotics\VEXcode Pro V5\sdk/vexv5\libv5rt.a(vex_global.cpp.obj)
                0x03805e74                vex::PORT18
 .rodata._ZN3vex9ratio36_1E
                0x03805e78        0x4 C:\Program Files (x86)\VEX Robotics\VEXcode Pro V5\sdk/vexv5\libv5rt.a(vex_global.cpp.obj)
                0x03805e78                vex::ratio36_1
 .rodata._ZN3vex4blueE
                0x03805e7c        0x4 C:\Program Files (x86)\VEX Robotics\VEXcode Pro V5\sdk/vexv5\libv5rt.a(vex_global.cpp.obj)
                0x03805e7c                vex::blue
 .rodata._ZN3vex6PORT21E
                0x03805e80        0x4 C:\Program Files (x86)\VEX Robotics\VEXcode Pro V5\sdk/vexv5\libv5rt.a(vex_global.cpp.obj)
                0x03805e80                vex::PORT21
 .rodata._ZN3vex5PORT2E
                0x03805e84        0x4 C:\Program Files (x86)\VEX Robotics\VEXcode Pro V5\sdk/vexv5\libv5rt.a(vex_global.cpp.obj)
                0x03805e84                vex::PORT2
 .rodata._ZN3vex6PORT11E
                0x03805e88        0x4 C:\Program Files (x86)\VEX Robotics\VEXcode Pro V5\sdk/vexv5\libv5rt.a(vex_global.cpp.obj)
                0x03805e88                vex::PORT11
 .rodata._ZN3vex7primaryE
                0x03805e8c        0x4 C:\Program Files (x86)\VEX Robotics\VEXcode Pro V5\sdk/vexv5\libv5rt.a(vex_global.cpp.obj)
                0x03805e8c                vex::primary
 .rodata._ZN3vex3degE
                0x03805e90        0x4 C:\Program Files (x86)\VEX Robotics\VEXcode Pro V5\sdk/vexv5\libv5rt.a(vex_global.cpp.obj)
                0x03805e90                vex::deg
 .rodata._ZN3vex7percentE
                0x03805e94        0x4 C:\Program Files (x86)\VEX Robotics\VEXcode Pro V5\sdk/vexv5\libv5rt.a(vex_global.cpp.obj)
                0x03805e94                vex::percent
 .rodata._ZN3vex6PORT15E
                0x03805e98        0x4 C:\Program Files (x86)\VEX Robotics\VEXcode Pro V5\sdk/vexv5\libv5rt.a(vex_global.cpp.obj)
                0x03805e98                vex::PORT15
 .rodata._ZN3vex6PORT19E
                0x03805e9c        0x4 C:\Program Files (x86)\VEX Robotics\VEXcode Pro V5\sdk/vexv5\libv5rt.a(vex_global.cpp.obj)
                0x03805e9c                vex::PORT19
 .rodata._ZN3vex7degreesE
                0x03805ea0        0x4 C:\Program Files (x86)\VEX Robotics\VEXcode Pro V5\sdk/vexv5\libv5rt.a(vex_global.cpp.obj)
                0x03805ea0                vex::degrees
 .rodata._ZN3vex6PORT22E
                0x03805ea4        0x4 C:\Program Files (x86)\VEX Robotics\VEXcode Pro V5\sdk/vexv5\libv5rt.a(vex_global.cpp.obj)
                0x03805ea4                vex::PORT22
 .rodata._ZN3vex4holdE
                0x03805ea8        0x4 C:\Program Files (x86)\VEX Robotics\VEXcode Pro V5\sdk/vexv5\libv5rt.a(vex_global.cpp.obj)
                0x03805ea8                vex::hold
 .rodata._ZN3vex6PORT12E
                0x03805eac        0x4 C:\Program Files (x86)\VEX Robotics\VEXcode Pro V5\sdk/vexv5\libv5rt.a(vex_global.cpp.obj)
                0x03805eac                vex::PORT12
 .rodata._ZN3vex6PORT16E
                0x03805eb0        0x4 C:\Program Files (x86)\VEX Robotics\VEXcode Pro V5\sdk/vexv5\libv5rt.a(vex_global.cpp.obj)
                0x03805eb0                vex::PORT16
 .rodata._ZN3vex8ratio6_1E
                0x03805eb4        0x4 C:\Program Files (x86)\VEX Robotics\VEXcode Pro V5\sdk/vexv5\libv5rt.a(vex_global.cpp.obj)
                0x03805eb4                vex::ratio6_1
 .rodata._ZN3vex2mmE
                0x03805eb8        0x4 C:\Program Files (x86)\VEX Robotics\VEXcode Pro V5\sdk/vexv5\libv5rt.a(vex_global.cpp.obj)
                0x03805eb8                vex::mm
 .rodata._ZN3vex5coastE
                0x03805ebc        0x4 C:\Program Files (x86)\VEX Robotics\VEXcode Pro V5\sdk/vexv5\libv5rt.a(vex_global.cpp.obj)
                0x03805ebc                vex::coast
 .rodata._ZN3vex6PORT13E
                0x03805ec0        0x4 C:\Program Files (x86)\VEX Robotics\VEXcode Pro V5\sdk/vexv5\libv5rt.a(vex_global.cpp.obj)
                0x03805ec0                vex::PORT13
 .rodata._ZN3vex9ratio18_1E
                0x03805ec4        0x4 C:\Program Files (x86)\VEX Robotics\VEXcode Pro V5\sdk/vexv5\libv5rt.a(vex_global.cpp.obj)
                0x03805ec4                vex::ratio18_1
 .rodata._ZN3vex7secondsE
                0x03805ec8        0x4 C:\Program Files (x86)\VEX Robotics\VEXcode Pro V5\sdk/vexv5\libv5rt.a(vex_global.cpp.obj)
                0x03805ec8                vex::seconds
 *fill*         0x03805ecc        0x4 
 .rodata._ZTVN3vex5motorE
                0x03805ed0       0x18 C:\Program Files (x86)\VEX Robotics\VEXcode Pro V5\sdk/vexv5\libv5rt.a(vex_motor.cpp.obj)
                0x03805ed0                vtable for vex::motor
 .rodata._ZTVN3vex8inertialE
                0x03805ee8       0x68 C:\Program Files (x86)\VEX Robotics\VEXcode Pro V5\sdk/vexv5\libv5rt.a(vex_imu.cpp.obj)
                0x03805ee8                vtable for vex::inertial
 .rodata._ZTVN3vex8rotationE
                0x03805f50       0x18 C:\Program Files (x86)\VEX Robotics\VEXcode Pro V5\sdk/vexv5\libv5rt.a(vex_rotation.cpp.obj)
                0x03805f50                vtable for vex::rotation
 .rodata._ZTVN3vex8distanceE
                0x03805f68       0x18 C:\Program Files (x86)\VEX Robotics\VEXcode Pro V5\sdk/vexv5\libv5rt.a(vex_distance.cpp.obj)
                0x03805f68                vtable for vex::distance
 .rodata.str1.1
                0x03805f80       0x1f C:\Program Files (x86)\VEX Robotics\VEXcode Pro V5\sdk/vexv5\libv5rt.a(vex_controller.cpp.obj)
                                 0x20 (size before relaxing)
 .rodata.CSWTCH.16
                0x03805f9f        0xb C:\Program Files (x86)\VEX Robotics\VEXcode Pro V5\sdk/vexv5\libv5rt.a(vex_controller.cpp.obj)
 .rodata.CSWTCH.18
                0x03805faa        0xb C:\Program Files (x86)\VEX Robotics\VEXcode Pro V5\sdk/vexv5\libv5rt.a(vex_controller.cpp.obj)
 .rodata.CSWTCH.24
                0x03805fb5        0x3 C:\Program Files (x86)\VEX Robotics\VEXcode Pro V5\sdk/vexv5\libv5rt.a(vex_controller.cpp.obj)
 .rodata.str1.1
                0x03805fb8       0x14 C:\Program Files (x86)\VEX Robotics\VEXcode Pro V5\sdk/vexv5\libv5rt.a(vex_task.cpp.obj)
 .rodata.str1.1
                0x03805fcc       0x2d C:\Program Files (x86)\VEX Robotics\VEXcode Pro V5\sdk/vexv5\libv5rt.a(vex_brain.cpp.obj)
 *fill*         0x03805ff9        0x7 
 .rodata._ZTVN3vex7triportE
                0x03806000       0x18 C:\Program Files (x86)\VEX Robotics\VEXcode Pro V5\sdk/vexv5\libv5rt.a(vex_triport.cpp.obj)
                0x03806000                vtable for vex::triport
 .rodata.CSWTCH.38
                0x03806018       0x10 C:\Program Files (x86)\VEX Robotics\VEXcode Pro V5\sdk/vexv5\libv5rt.a(vex_triport.cpp.obj)
 .rodata.CSWTCH.33
                0x03806028        0xe C:\Program Files (x86)\VEX Robotics\VEXcode Pro V5\sdk/vexv5\libv5rt.a(vex_triport.cpp.obj)
 *fill*         0x03806036        0x2 
 .rodata._ZTVN3vex6deviceE
                0x03806038       0x18 C:\Program Files (x86)\VEX Robotics\VEXcode Pro V5\sdk/vexv5\libv5rt.a(vex_device.cpp.obj)
                0x03806038                vtable for vex::device
 .rodata.str1.4
                0x03806050        0x4 C:\Program Files (x86)\VEX Robotics\VEXcode Pro V5\sdk/vexv5/gcc/libs\libc.a(lib_a-impure.o)
                                  0x2 (size before relaxing)
 *(.gnu.linkonce.r.*)
                0x03806054                __rodata_end = .

.rodata1        0x03806054        0x0
                0x03806054                __rodata1_start = .
 *(.rodata1)
 *(.rodata1.*)
                0x03806054                __rodata1_end = .

.sdata2         0x03806054        0x0
                0x03806054                __sdata2_start = .
 *(.sdata2)
 *(.sdata2.*)
 *(.gnu.linkonce.s2.*)
                0x03806054                __sdata2_end = .

.sbss2          0x03806054        0x0
                0x03806054                __sbss2_start = .
 *(.sbss2)
 *(.sbss2.*)
 *(.gnu.linkonce.sb2.*)
                0x03806054                __sbss2_end = .

.data           0x03806058      0x454
                0x03806058                __data_start = .
 *(.data)
 *(.data.*)
 .data.DriveTorque
                0x03806058        0x4 build/src/main.o
                0x03806058                DriveTorque
 .data.IntakeTaskRunning
                0x0380605c        0x1 build/src/main.o
                0x0380605c                IntakeTaskRunning
 .data.CataSlip
                0x0380605d        0x1 build/src/main.o
                0x0380605d                CataSlip
 .data.CatapultSlipPosition
                0x0380605e        0x1 build/src/main.o
                0x0380605e                CatapultSlipPosition
 *fill*         0x0380605f        0x1 
 .data.CatapultState
                0x03806060        0x4 build/src/main.o
                0x03806060                CatapultState
 .data.MotorStop
                0x03806064        0x4 build/src/main.o
                0x03806064                MotorStop
 .data.XToggle  0x03806068        0x1 build/src/main.o
                0x03806068                XToggle
 *fill*         0x03806069        0x3 
 .data.AutonNumber
                0x0380606c        0x4 build/src/main.o
                0x0380606c                AutonNumber
 .data.appRunning
                0x03806070        0x4 C:\Program Files (x86)\VEX Robotics\VEXcode Pro V5\sdk/vexv5\libv5rt.a(v5_startup.c.obj)
                0x03806070                appRunning
 .data.__yoff   0x03806074        0x4 C:\Program Files (x86)\VEX Robotics\VEXcode Pro V5\sdk/vexv5\libv5rt.a(v5_apijump.c.obj)
 .data._ZN3vex24__default_motor_velocityE
                0x03806078        0x4 C:\Program Files (x86)\VEX Robotics\VEXcode Pro V5\sdk/vexv5\libv5rt.a(vex_motor.cpp.obj)
                0x03806078                vex::__default_motor_velocity
 *fill*         0x0380607c        0x4 
 .data.impure_data
                0x03806080      0x428 C:\Program Files (x86)\VEX Robotics\VEXcode Pro V5\sdk/vexv5/gcc/libs\libc.a(lib_a-impure.o)
 .data._impure_ptr
                0x038064a8        0x4 C:\Program Files (x86)\VEX Robotics\VEXcode Pro V5\sdk/vexv5/gcc/libs\libc.a(lib_a-impure.o)
                0x038064a8                _impure_ptr
 *(.gnu.linkonce.d.*)
 *(.jcr)
 *(.got)
 *(.got.plt)
                0x038064ac                __data_end = .

.igot.plt       0x038064ac        0x0
 .igot.plt      0x00000000        0x0 build/src/main.o

.data1          0x038064ac        0x0
                0x038064ac                __data1_start = .
 *(.data1)
 *(.data1.*)
                0x038064ac                __data1_end = .

.got
 *(.got)

.ctors          0x038064ac        0x0
                0x038064ac                __CTOR_LIST__ = .
                0x038064ac                ___CTORS_LIST___ = .
 *crtbegin.o(.ctors)
 *(EXCLUDE_FILE(*crtend.o) .ctors)
 *(SORT(.ctors.*))
 *(.ctors)
                0x038064ac                __CTOR_END__ = .
                0x038064ac                ___CTORS_END___ = .

.dtors          0x038064ac        0x0
                0x038064ac                __DTOR_LIST__ = .
                0x038064ac                ___DTORS_LIST___ = .
 *crtbegin.o(.dtors)
 *(EXCLUDE_FILE(*crtend.o) .dtors)
 *(SORT(.dtors.*))
 *(.dtors)
                0x038064ac                __DTOR_END__ = .
                0x038064ac                ___DTORS_END___ = .

.fixup          0x038064ac        0x0
                0x038064ac                __fixup_start = .
 *(.fixup)
                0x038064ac                __fixup_end = .

.eh_frame
 *(.eh_frame)

.eh_framehdr    0x038064ac        0x0
                0x038064ac                __eh_framehdr_start = .
 *(.eh_framehdr)
                0x038064ac                __eh_framehdr_end = .

.gcc_except_table
 *(.gcc_except_table)

.mmu_tbl        0x03808000        0x0
                0x03808000                __mmu_tbl_start = .
 *(.mmu_tbl)
                0x03808000                __mmu_tbl_end = .

.ARM.exidx      0x038064ac        0x8
                0x038064ac                __exidx_start = .
 *(.ARM.exidx*)
 .ARM.exidx.text._Z16ResetDriveMotorsv
                0x038064ac        0x8 build/src/main.o
 .ARM.exidx.text._Z9pre_autonv
                0x038064b4        0x0 build/src/main.o
                                  0x8 (size before relaxing)
 .ARM.exidx.text._Z15BrainScreenTaskv
                0x038064b4        0x0 build/src/main.o
                                  0x8 (size before relaxing)
 .ARM.exidx.text._Z16CntrlrScreenTaskv
                0x038064b4        0x0 build/src/main.o
                                  0x8 (size before relaxing)
 .ARM.exidx.text._Z11SensorsTaskv
                0x038064b4        0x0 build/src/main.o
                                  0x8 (size before relaxing)
 .ARM.exidx.text._Z5Shootv
                0x038064b4        0x0 build/src/main.o
                                  0x8 (size before relaxing)
 .ARM.exidx.text._Z13CataModeStatev
                0x038064b4        0x0 build/src/main.o
                                  0x8 (size before relaxing)
 .ARM.exidx.text._Z12CatapultTaskv
                0x038064b4        0x0 build/src/main.o
                                  0x8 (size before relaxing)
 .ARM.exidx.text._Z17TriballDetectTaskv
                0x038064b4        0x0 build/src/main.o
                                  0x8 (size before relaxing)
 .ARM.exidx.text._Z10IntakeTaskv
                0x038064b4        0x0 build/src/main.o
                                  0x8 (size before relaxing)
 .ARM.exidx.text._Z9DriveTaskv
                0x038064b4        0x0 build/src/main.o
                                  0x8 (size before relaxing)
 .ARM.exidx.text._Z12AutoDistanceidd
                0x038064b4        0x0 build/src/main.o
                                  0x8 (size before relaxing)
 .ARM.exidx.text._Z12AutoTillStopid
                0x038064b4        0x0 build/src/main.o
                                  0x8 (size before relaxing)
 .ARM.exidx.text._Z11AutoTillHopid
                0x038064b4        0x0 build/src/main.o
                                  0x8 (size before relaxing)
 .ARM.exidx.text._Z8AutoTurniii
                0x038064b4        0x0 build/src/main.o
                                  0x8 (size before relaxing)
 .ARM.exidx.text._Z17buttonLup_pressedv
                0x038064b4        0x0 build/src/main.o
                                  0x8 (size before relaxing)
 .ARM.exidx.text._Z19buttonLdown_pressedv
                0x038064b4        0x0 build/src/main.o
                                  0x8 (size before relaxing)
 .ARM.exidx.text._Z18buttonLup_releasedv
                0x038064b4        0x0 build/src/main.o
                                  0x8 (size before relaxing)
 .ARM.exidx.text._Z20buttonLdown_releasedv
                0x038064b4        0x0 build/src/main.o
                                  0x8 (size before relaxing)
 .ARM.exidx.text._Z17buttonRup_pressedv
                0x038064b4        0x0 build/src/main.o
                                  0x8 (size before relaxing)
 .ARM.exidx.text._Z19buttonRdown_pressedv
                0x038064b4        0x0 build/src/main.o
                                  0x8 (size before relaxing)
 .ARM.exidx.text._Z18buttonRup_releasedv
                0x038064b4        0x0 build/src/main.o
                                  0x8 (size before relaxing)
 .ARM.exidx.text._Z20buttonRdown_releasedv
                0x038064b4        0x0 build/src/main.o
                                  0x8 (size before relaxing)
 .ARM.exidx.text._Z16buttonUP_pressedv
                0x038064b4        0x0 build/src/main.o
                                  0x8 (size before relaxing)
 .ARM.exidx.text._Z18buttonDOWN_pressedv
                0x038064b4        0x0 build/src/main.o
                                  0x8 (size before relaxing)
 .ARM.exidx.text._Z19buttonRIGHT_pressedv
                0x038064b4        0x0 build/src/main.o
                                  0x8 (size before relaxing)
 .ARM.exidx.text._Z18buttonLEFT_pressedv
                0x038064b4        0x0 build/src/main.o
                                  0x8 (size before relaxing)
 .ARM.exidx.text._Z13brain_pressedv
                0x038064b4        0x0 build/src/main.o
                                  0x8 (size before relaxing)
 .ARM.exidx.text._Z15buttonB_pressedv
                0x038064b4        0x0 build/src/main.o
                                  0x8 (size before relaxing)
 .ARM.exidx.text._Z15buttonX_pressedv
                0x038064b4        0x0 build/src/main.o
                                  0x8 (size before relaxing)
 .ARM.exidx.text._Z15buttonY_pressedv
                0x038064b4        0x0 build/src/main.o
                                  0x8 (size before relaxing)
 .ARM.exidx.text._Z11CloseSideWPv
                0x038064b4        0x0 build/src/main.o
                                  0x8 (size before relaxing)
 .ARM.exidx.text._Z14CloseSideElimsv
                0x038064b4        0x0 build/src/main.o
                                  0x8 (size before relaxing)
 .ARM.exidx.text._Z11AutonSkillsv
                0x038064b4        0x0 build/src/main.o
                                  0x8 (size before relaxing)
 .ARM.exidx.text._Z14CloseSideBlockv
                0x038064b4        0x0 build/src/main.o
                                  0x8 (size before relaxing)
 .ARM.exidx.text._Z9FarSideWPv
                0x038064b4        0x0 build/src/main.o
                                  0x8 (size before relaxing)
 .ARM.exidx.text._Z10autonomousv
                0x038064b4        0x0 build/src/main.o
                                  0x8 (size before relaxing)
 .ARM.exidx.text._Z15buttonA_pressedv
                0x038064b4        0x0 build/src/main.o
                                  0x8 (size before relaxing)
 .ARM.exidx.text._Z11usercontrolv
                0x038064b4        0x0 build/src/main.o
                                  0x8 (size before relaxing)
 .ARM.exidx.text.main
                0x038064b4        0x0 build/src/main.o
                                  0x8 (size before relaxing)
 .ARM.exidx.text._GLOBAL__sub_I_main.cpp
                0x038064b4        0x0 build/src/main.o
                                  0x8 (size before relaxing)
 .ARM.exidx.text._GLOBAL__sub_I_robot_config.cpp
                0x038064b4        0x0 build/src/robot-config.o
                                  0x8 (size before relaxing)
 *(.gnu.linkonce.armexidix.*.*)
                0x038064b4                __exidx_end = .

.rel.dyn        0x038064b4        0x0
 .rel.iplt      0x00000000        0x0 build/src/main.o

.preinit_array  0x038064b4        0x0
                0x038064b4                __preinit_array_start = .
 *(SORT(.preinit_array.*))
 *(.preinit_array)
                0x038064b4                __preinit_array_end = .

.init_array     0x038064b4        0xc
                0x038064b4                __init_array_start = .
 *(SORT(.init_array.*))
 *(.init_array)
 .init_array    0x038064b4        0x4 build/src/main.o
 .init_array    0x038064b8        0x4 build/src/robot-config.o
 .init_array    0x038064bc        0x4 C:\Program Files (x86)\VEX Robotics\VEXcode Pro V5\sdk/vexv5\libv5rt.a(vex_color.cpp.obj)
                0x038064c0                __init_array_end = .

.fini_array     0x038064c0        0x0
                0x038064c0                __fini_array_start = .
 *(SORT(.fini_array.*))
 *(.fini_array)
                0x038064c0                __fini_array_end = .

.ARM.attributes
                0x038064c0       0x3c
                0x038064c0                __ARM.attributes_start = .
 *(.ARM.attributes)
 .ARM.attributes
                0x038064c0       0x3a build/src/main.o
 .ARM.attributes
                0x038064fa       0x3a build/src/robot-config.o
 .ARM.attributes
                0x03806534       0x35 C:\Program Files (x86)\VEX Robotics\VEXcode Pro V5\sdk/vexv5\libv5rt.a(v5_startup.c.obj)
 .ARM.attributes
                0x03806569       0x35 C:\Program Files (x86)\VEX Robotics\VEXcode Pro V5\sdk/vexv5\libv5rt.a(v5_util.c.obj)
 .ARM.attributes
                0x0380659e       0x35 C:\Program Files (x86)\VEX Robotics\VEXcode Pro V5\sdk/vexv5\libv5rt.a(v5_apijump.c.obj)
 .ARM.attributes
                0x038065d3       0x35 C:\Program Files (x86)\VEX Robotics\VEXcode Pro V5\sdk/vexv5\libv5rt.a(v5_apiversions.c.obj)
 .ARM.attributes
                0x03806608       0x35 C:\Program Files (x86)\VEX Robotics\VEXcode Pro V5\sdk/vexv5\libv5rt.a(vex_global.cpp.obj)
 .ARM.attributes
                0x0380663d       0x35 C:\Program Files (x86)\VEX Robotics\VEXcode Pro V5\sdk/vexv5\libv5rt.a(vex_motor.cpp.obj)
 .ARM.attributes
                0x03806672       0x35 C:\Program Files (x86)\VEX Robotics\VEXcode Pro V5\sdk/vexv5\libv5rt.a(vex_imu.cpp.obj)
 .ARM.attributes
                0x038066a7       0x35 C:\Program Files (x86)\VEX Robotics\VEXcode Pro V5\sdk/vexv5\libv5rt.a(vex_rotation.cpp.obj)
 .ARM.attributes
                0x038066dc       0x35 C:\Program Files (x86)\VEX Robotics\VEXcode Pro V5\sdk/vexv5\libv5rt.a(vex_distance.cpp.obj)
 .ARM.attributes
                0x03806711       0x35 C:\Program Files (x86)\VEX Robotics\VEXcode Pro V5\sdk/vexv5\libv5rt.a(vex_controller.cpp.obj)
 .ARM.attributes
                0x03806746       0x35 C:\Program Files (x86)\VEX Robotics\VEXcode Pro V5\sdk/vexv5\libv5rt.a(vex_task.cpp.obj)
 .ARM.attributes
                0x0380677b       0x35 C:\Program Files (x86)\VEX Robotics\VEXcode Pro V5\sdk/vexv5\libv5rt.a(vex_thread.cpp.obj)
 .ARM.attributes
                0x038067b0       0x35 C:\Program Files (x86)\VEX Robotics\VEXcode Pro V5\sdk/vexv5\libv5rt.a(vex_event.cpp.obj)
 .ARM.attributes
                0x038067e5       0x35 C:\Program Files (x86)\VEX Robotics\VEXcode Pro V5\sdk/vexv5\libv5rt.a(vex_mevent.cpp.obj)
 .ARM.attributes
                0x0380681a       0x35 C:\Program Files (x86)\VEX Robotics\VEXcode Pro V5\sdk/vexv5\libv5rt.a(vex_brain.cpp.obj)
 .ARM.attributes
                0x0380684f       0x35 C:\Program Files (x86)\VEX Robotics\VEXcode Pro V5\sdk/vexv5\libv5rt.a(vex_competition.cpp.obj)
 .ARM.attributes
                0x03806884       0x35 C:\Program Files (x86)\VEX Robotics\VEXcode Pro V5\sdk/vexv5\libv5rt.a(vex_triport.cpp.obj)
 .ARM.attributes
                0x038068b9       0x35 C:\Program Files (x86)\VEX Robotics\VEXcode Pro V5\sdk/vexv5\libv5rt.a(vex_color.cpp.obj)
 .ARM.attributes
                0x038068ee       0x35 C:\Program Files (x86)\VEX Robotics\VEXcode Pro V5\sdk/vexv5\libv5rt.a(vex_timer.cpp.obj)
 .ARM.attributes
                0x03806923       0x35 C:\Program Files (x86)\VEX Robotics\VEXcode Pro V5\sdk/vexv5\libv5rt.a(v5_apiuser.c.obj)
 .ARM.attributes
                0x03806958       0x35 C:\Program Files (x86)\VEX Robotics\VEXcode Pro V5\sdk/vexv5\libv5rt.a(vex_device.cpp.obj)
 .ARM.attributes
                0x0380698d       0x2b C:\Program Files (x86)\VEX Robotics\VEXcode Pro V5\sdk/vexv5/gcc/libs\libc.a(lib_a-fini.o)
 .ARM.attributes
                0x038069b8       0x2b C:\Program Files (x86)\VEX Robotics\VEXcode Pro V5\sdk/vexv5/gcc/libs\libc.a(lib_a-impure.o)
 .ARM.attributes
                0x038069e3       0x2b C:\Program Files (x86)\VEX Robotics\VEXcode Pro V5\sdk/vexv5/gcc/libs\libc.a(lib_a-init.o)
                0x03806a0e                __ARM.attributes_end = .

.sdata          0x038064c0        0x0
                0x038064c0                __sdata_start = .
 *(.sdata)
 *(.sdata.*)
 *(.gnu.linkonce.s.*)
                0x038064c0                __sdata_end = .

.sbss           0x038064c0        0x0
                0x038064c0                __sbss_start = .
 *(.sbss)
 *(.sbss.*)
 *(.gnu.linkonce.sb.*)
                0x038064c0                __sbss_end = .

.tdata          0x038064c0        0x0
                0x038064c0                __tdata_start = .
 *(.tdata)
 *(.tdata.*)
 *(.gnu.linkonce.td.*)
                0x038064c0                __tdata_end = .

.tbss           0x038064c0        0x0
                0x038064c0                __tbss_start = .
 *(.tbss)
 *(.tbss.*)
 *(.gnu.linkonce.tb.*)
                0x038064c0                __tbss_end = .

.bss            0x038064c0      0x8ec
                0x038064c0                __bss_start = .
 *(.bss)
 *(.bss.*)
 .bss.Competition
                0x038064c0       0x28 build/src/main.o
                0x038064c0                Competition
 .bss.FCState   0x038064e8        0x4 build/src/main.o
                0x038064e8                FCState
 .bss.ControllerAxis1
                0x038064ec        0x4 build/src/main.o
                0x038064ec                ControllerAxis1